\BOOKMARK [0][-]{chapter.1}{\376\377\000M\000o\000d\000e\000l\000l\000o\000\040\000a\000\040\000c\000a\000s\000c\000a\000t\000a}{}% 1
\BOOKMARK [1][-]{section.1.1}{\376\377\000C\000o\000s\000a\000\040\000\350\000?}{chapter.1}% 2
\BOOKMARK [1][-]{section.1.2}{\376\377\000F\000a\000s\000i\000\040\000d\000e\000l\000\040\000m\000o\000d\000e\000l\000l\000o\000\040\000a\000\040\000c\000a\000s\000c\000a\000t\000a}{chapter.1}% 3
\BOOKMARK [1][-]{section.1.3}{\376\377\000V\000a\000n\000t\000a\000g\000g\000i}{chapter.1}% 4
\BOOKMARK [1][-]{section.1.4}{\376\377\000S\000v\000a\000n\000t\000a\000g\000g\000i}{chapter.1}% 5
\BOOKMARK [0][-]{chapter.2}{\376\377\000U\000P\000\040\000-\000\040\000U\000n\000i\000f\000i\000e\000d\000\040\000P\000r\000o\000c\000e\000s\000s}{}% 6
\BOOKMARK [1][-]{section.2.1}{\376\377\000C\000o\000s\000a\000\040\000\350\000?}{chapter.2}% 7
\BOOKMARK [1][-]{section.2.2}{\376\377\000L\000e\000\040\0003\000\040\000c\000a\000r\000a\000t\000t\000e\000r\000i\000s\000t\000i\000c\000h\000e\000\040\000f\000o\000n\000d\000a\000m\000e\000n\000t\000a\000l\000i\000\040\000d\000e\000l\000l\000'\000U\000P}{chapter.2}% 8
\BOOKMARK [2][-]{subsection.2.2.1}{\376\377\000P\000i\000l\000o\000t\000a\000t\000o\000\040\000d\000a\000i\000\040\000c\000a\000s\000i\000\040\000d\000'\000u\000s\000o}{section.2.2}% 9
\BOOKMARK [2][-]{subsection.2.2.2}{\376\377\000G\000u\000i\000d\000a\000t\000o\000\040\000d\000a\000i\000\040\000f\000a\000t\000t\000o\000r\000i\000\040\000d\000i\000\040\000r\000i\000s\000c\000h\000i\000o}{section.2.2}% 10
\BOOKMARK [2][-]{subsection.2.2.3}{\376\377\000I\000n\000c\000e\000n\000t\000r\000a\000t\000o\000\040\000s\000u\000l\000l\000'\000a\000r\000c\000h\000i\000t\000e\000t\000t\000u\000r\000a}{section.2.2}% 11
\BOOKMARK [1][-]{section.2.3}{\376\377\000L\000e\000\040\0004\000\040\000f\000a\000s\000i\000\040\000d\000e\000l\000\040\000c\000i\000l\000c\000i\000o\000\040\000d\000i\000\040\000v\000i\000t\000a}{chapter.2}% 12
\BOOKMARK [2][-]{subsection.2.3.1}{\376\377\000I\000d\000e\000a\000z\000i\000o\000n\000e}{section.2.3}% 13
\BOOKMARK [2][-]{subsection.2.3.2}{\376\377\000E\000l\000a\000b\000o\000r\000a\000z\000i\000o\000n\000e}{section.2.3}% 14
\BOOKMARK [2][-]{subsection.2.3.3}{\376\377\000C\000o\000s\000t\000r\000u\000z\000i\000o\000n\000e}{section.2.3}% 15
\BOOKMARK [2][-]{subsection.2.3.4}{\376\377\000T\000r\000a\000n\000s\000i\000z\000i\000o\000n\000e}{section.2.3}% 16
\BOOKMARK [0][-]{chapter.3}{\376\377\000A\000g\000i\000l\000e}{}% 17
\BOOKMARK [1][-]{section.3.1}{\376\377\000C\000o\000s\000a\000\040\000\350\000?}{chapter.3}% 18
\BOOKMARK [1][-]{section.3.2}{\376\377\000C\000a\000r\000a\000t\000t\000e\000r\000i\000s\000t\000i\000c\000h\000e}{chapter.3}% 19
\BOOKMARK [1][-]{section.3.3}{\376\377\000M\000a\000n\000i\000f\000e\000s\000t\000o}{chapter.3}% 20
\BOOKMARK [1][-]{section.3.4}{\376\377\000V\000a\000n\000t\000a\000g\000g\000i}{chapter.3}% 21
\BOOKMARK [1][-]{section.3.5}{\376\377\000S\000v\000a\000n\000t\000a\000g\000g\000i}{chapter.3}% 22
\BOOKMARK [0][-]{chapter.4}{\376\377\000S\000C\000R\000U\000M}{}% 23
\BOOKMARK [1][-]{section.4.1}{\376\377\000C\000o\000s\000a\000\040\000\350\000?}{chapter.4}% 24
\BOOKMARK [1][-]{section.4.2}{\376\377\000C\000a\000r\000a\000t\000t\000e\000r\000i\000s\000t\000i\000c\000h\000e}{chapter.4}% 25
\BOOKMARK [2][-]{subsection.4.2.1}{\376\377\000C\000o\000n\000c\000e\000t\000t\000i\000\040\000C\000h\000i\000a\000v\000e}{section.4.2}% 26
\BOOKMARK [1][-]{section.4.3}{\376\377\000R\000u\000o\000l\000i\000\040\000p\000r\000i\000n\000c\000i\000p\000a\000l\000i}{chapter.4}% 27
\BOOKMARK [1][-]{section.4.4}{\376\377\000C\000i\000c\000l\000o\000\040\000d\000i\000\040\000l\000a\000v\000o\000r\000o}{chapter.4}% 28
\BOOKMARK [1][-]{section.4.5}{\376\377\000A\000r\000t\000e\000f\000a\000t\000t\000i}{chapter.4}% 29
\BOOKMARK [1][-]{section.4.6}{\376\377\000V\000a\000n\000t\000a\000g\000g\000i}{chapter.4}% 30
\BOOKMARK [1][-]{section.4.7}{\376\377\000S\000v\000a\000n\000t\000a\000g\000g\000i}{chapter.4}% 31
\BOOKMARK [0][-]{chapter.5}{\376\377\000P\000a\000t\000t\000e\000r\000n\000\040\000G\000R\000A\000S\000P}{}% 32
\BOOKMARK [1][-]{section.5.1}{\376\377\000D\000e\000f\000i\000n\000i\000z\000i\000o\000n\000e}{chapter.5}% 33
\BOOKMARK [2][-]{subsection.5.1.1}{\376\377\000A\000p\000p\000r\000o\000c\000c\000i\000o\000\040\000R\000D\000D}{section.5.1}% 34
\BOOKMARK [2][-]{subsection.5.1.2}{\376\377\000P\000r\000i\000n\000c\000i\000p\000i\000\040\000f\000o\000n\000d\000a\000m\000e\000n\000t\000a\000l\000i}{section.5.1}% 35
\BOOKMARK [2][-]{subsection.5.1.3}{\376\377\000R\000e\000l\000a\000z\000i\000o\000n\000e\000\040\000t\000r\000a\000\040\000g\000l\000i\000\040\000e\000l\000a\000b\000o\000r\000a\000t\000i}{section.5.1}% 36
\BOOKMARK [1][-]{section.5.2}{\376\377\000R\000a\000p\000p\000r\000e\000s\000e\000n\000t\000a\000z\000i\000o\000n\000e\000\040\000d\000i\000\040\000u\000n\000\040\000P\000a\000t\000t\000e\000r\000n\000\040\000G\000R\000A\000S\000P}{chapter.5}% 37
\BOOKMARK [0][-]{chapter.6}{\376\377\000P\000a\000t\000t\000e\000r\000n\000\040\000G\000R\000A\000S\000P\000\040\000d\000i\000\040\000b\000a\000s\000e}{}% 38
\BOOKMARK [1][-]{section.6.1}{\376\377\000C\000r\000e\000a\000t\000o\000r}{chapter.6}% 39
\BOOKMARK [2][-]{subsection.6.1.1}{\376\377\000P\000r\000o\000b\000l\000e\000m\000a}{section.6.1}% 40
\BOOKMARK [2][-]{subsection.6.1.2}{\376\377\000S\000o\000l\000u\000z\000i\000o\000n\000e}{section.6.1}% 41
\BOOKMARK [2][-]{subsection.6.1.3}{\376\377\000B\000e\000n\000e\000f\000i\000c\000i}{section.6.1}% 42
\BOOKMARK [2][-]{subsection.6.1.4}{\376\377\000C\000o\000n\000t\000r\000o\000i\000n\000d\000i\000c\000a\000z\000i\000o\000n\000i}{section.6.1}% 43
\BOOKMARK [2][-]{subsection.6.1.5}{\376\377\000F\000l\000u\000s\000s\000o\000\040\000d\000i\000\040\000l\000a\000v\000o\000r\000o\000\040\000l\000o\000g\000i\000c\000o}{section.6.1}% 44
\BOOKMARK [2][-]{subsection.6.1.6}{\376\377\000M\000o\000d\000e\000l\000l\000o\000\040\000d\000i\000\040\000d\000o\000m\000i\000n\000i\000o}{section.6.1}% 45
\BOOKMARK [2][-]{subsection.6.1.7}{\376\377\000M\000o\000d\000e\000l\000l\000o\000\040\000d\000i\000\040\000s\000e\000q\000u\000e\000n\000z\000a}{section.6.1}% 46
\BOOKMARK [2][-]{subsection.6.1.8}{\376\377\000D\000i\000a\000g\000r\000a\000m\000m\000i\000\040\000d\000e\000l\000l\000e\000\040\000c\000l\000a\000s\000s\000i\000\040\000d\000i\000\040\000p\000r\000o\000g\000e\000t\000t\000o}{section.6.1}% 47
\BOOKMARK [1][-]{section.6.2}{\376\377\000I\000n\000f\000o\000r\000m\000a\000t\000i\000o\000n\000\040\000E\000x\000p\000e\000r\000t}{chapter.6}% 48
\BOOKMARK [2][-]{subsection.6.2.1}{\376\377\000P\000r\000o\000b\000l\000e\000m\000a}{section.6.2}% 49
\BOOKMARK [2][-]{subsection.6.2.2}{\376\377\000S\000o\000l\000u\000z\000i\000o\000n\000e}{section.6.2}% 50
\BOOKMARK [2][-]{subsection.6.2.3}{\376\377\000B\000e\000n\000e\000f\000i\000c\000i}{section.6.2}% 51
\BOOKMARK [2][-]{subsection.6.2.4}{\376\377\000C\000o\000n\000t\000r\000o\000i\000n\000d\000i\000z\000i\000o\000n\000i}{section.6.2}% 52
\BOOKMARK [2][-]{subsection.6.2.5}{\376\377\000F\000l\000u\000s\000s\000o\000\040\000d\000i\000\040\000l\000a\000v\000o\000r\000o}{section.6.2}% 53
\BOOKMARK [2][-]{subsection.6.2.6}{\376\377\000D\000i\000a\000g\000r\000a\000m\000m\000a\000\040\000d\000i\000\040\000s\000e\000q\000u\000e\000n\000z\000a}{section.6.2}% 54
\BOOKMARK [2][-]{subsection.6.2.7}{\376\377\000D\000i\000a\000g\000r\000a\000m\000m\000a\000\040\000d\000e\000l\000l\000e\000\040\000c\000l\000a\000s\000s\000i}{section.6.2}% 55
\BOOKMARK [1][-]{section.6.3}{\376\377\000L\000o\000w\000\040\000C\000o\000u\000p\000l\000i\000n\000g}{chapter.6}% 56
\BOOKMARK [2][-]{subsection.6.3.1}{\376\377\000P\000r\000o\000b\000l\000e\000m\000a}{section.6.3}% 57
\BOOKMARK [2][-]{subsection.6.3.2}{\376\377\000S\000o\000l\000u\000z\000i\000o\000n\000e}{section.6.3}% 58
\BOOKMARK [2][-]{subsection.6.3.3}{\376\377\000B\000e\000n\000e\000f\000i\000c\000i}{section.6.3}% 59
\BOOKMARK [2][-]{subsection.6.3.4}{\376\377\000C\000o\000n\000t\000r\000o\000i\000n\000d\000i\000c\000a\000z\000i\000o\000n\000i}{section.6.3}% 60
\BOOKMARK [2][-]{subsection.6.3.5}{\376\377\000F\000l\000u\000s\000s\000o\000\040\000d\000i\000\040\000l\000a\000v\000o\000r\000o}{section.6.3}% 61
\BOOKMARK [1][-]{section.6.4}{\376\377\000H\000i\000g\000h\000\040\000C\000o\000h\000e\000s\000i\000o\000n}{chapter.6}% 62
\BOOKMARK [2][-]{subsection.6.4.1}{\376\377\000P\000r\000o\000b\000l\000e\000m\000a}{section.6.4}% 63
\BOOKMARK [2][-]{subsection.6.4.2}{\376\377\000S\000o\000l\000u\000z\000i\000o\000n\000e}{section.6.4}% 64
\BOOKMARK [2][-]{subsection.6.4.3}{\376\377\000B\000e\000n\000e\000f\000i\000c\000i}{section.6.4}% 65
\BOOKMARK [2][-]{subsection.6.4.4}{\376\377\000C\000o\000n\000t\000r\000o\000i\000n\000d\000i\000c\000a\000z\000i\000o\000n\000i}{section.6.4}% 66
\BOOKMARK [2][-]{subsection.6.4.5}{\376\377\000F\000l\000u\000s\000s\000o\000\040\000d\000i\000\040\000l\000a\000v\000o\000r\000o}{section.6.4}% 67
\BOOKMARK [1][-]{section.6.5}{\376\377\000C\000o\000n\000t\000r\000o\000l\000l\000e\000r}{chapter.6}% 68
\BOOKMARK [2][-]{subsection.6.5.1}{\376\377\000P\000r\000o\000b\000l\000e\000m\000a}{section.6.5}% 69
\BOOKMARK [2][-]{subsection.6.5.2}{\376\377\000S\000o\000l\000u\000z\000i\000o\000n\000e}{section.6.5}% 70
\BOOKMARK [2][-]{subsection.6.5.3}{\376\377\000B\000e\000n\000e\000f\000i\000c\000i}{section.6.5}% 71
\BOOKMARK [2][-]{subsection.6.5.4}{\376\377\000C\000o\000n\000t\000r\000o\000i\000n\000d\000i\000c\000a\000z\000i\000o\000n\000i}{section.6.5}% 72
\BOOKMARK [2][-]{subsection.6.5.5}{\376\377\000F\000l\000u\000s\000s\000o\000\040\000d\000i\000\040\000l\000a\000v\000o\000r\000o}{section.6.5}% 73
\BOOKMARK [0][-]{chapter.7}{\376\377\000P\000a\000t\000t\000e\000r\000n\000\040\000G\000R\000A\000S\000P\000\040\000a\000v\000a\000n\000z\000a\000t\000i}{}% 74
\BOOKMARK [1][-]{section.7.1}{\376\377\000P\000u\000r\000e\000\040\000F\000a\000b\000r\000i\000c\000a\000t\000i\000o\000n}{chapter.7}% 75
\BOOKMARK [2][-]{subsection.7.1.1}{\376\377\000P\000r\000o\000b\000l\000e\000m\000a}{section.7.1}% 76
\BOOKMARK [2][-]{subsection.7.1.2}{\376\377\000S\000o\000l\000u\000z\000i\000o\000n\000e}{section.7.1}% 77
\BOOKMARK [2][-]{subsection.7.1.3}{\376\377\000B\000e\000n\000e\000f\000i\000c\000i}{section.7.1}% 78
\BOOKMARK [2][-]{subsection.7.1.4}{\376\377\000C\000o\000n\000t\000r\000o\000i\000n\000d\000i\000c\000a\000z\000i\000o\000n\000i}{section.7.1}% 79
\BOOKMARK [2][-]{subsection.7.1.5}{\376\377\000F\000l\000u\000s\000s\000o\000\040\000d\000i\000\040\000l\000a\000v\000o\000r\000o}{section.7.1}% 80
\BOOKMARK [1][-]{section.7.2}{\376\377\000P\000o\000l\000y\000m\000o\000r\000p\000h\000i\000s\000m}{chapter.7}% 81
\BOOKMARK [2][-]{subsection.7.2.1}{\376\377\000P\000r\000o\000b\000l\000e\000m\000a}{section.7.2}% 82
\BOOKMARK [2][-]{subsection.7.2.2}{\376\377\000S\000o\000l\000u\000z\000i\000o\000n\000e}{section.7.2}% 83
\BOOKMARK [2][-]{subsection.7.2.3}{\376\377\000B\000e\000n\000e\000f\000i\000c\000i}{section.7.2}% 84
\BOOKMARK [2][-]{subsection.7.2.4}{\376\377\000C\000o\000n\000t\000r\000o\000i\000n\000d\000i\000c\000a\000z\000i\000o\000n\000i}{section.7.2}% 85
\BOOKMARK [2][-]{subsection.7.2.5}{\376\377\000F\000l\000u\000s\000s\000o\000\040\000d\000i\000\040\000l\000a\000v\000o\000r\000o}{section.7.2}% 86
\BOOKMARK [1][-]{section.7.3}{\376\377\000I\000n\000d\000i\000r\000e\000c\000t\000i\000o\000n}{chapter.7}% 87
\BOOKMARK [2][-]{subsection.7.3.1}{\376\377\000P\000r\000o\000b\000l\000e\000m\000a}{section.7.3}% 88
\BOOKMARK [2][-]{subsection.7.3.2}{\376\377\000S\000o\000l\000u\000z\000i\000o\000n\000e}{section.7.3}% 89
\BOOKMARK [2][-]{subsection.7.3.3}{\376\377\000B\000e\000n\000e\000f\000i\000c\000i}{section.7.3}% 90
\BOOKMARK [2][-]{subsection.7.3.4}{\376\377\000C\000o\000n\000t\000r\000o\000i\000n\000d\000i\000c\000a\000z\000i\000o\000n\000i}{section.7.3}% 91
\BOOKMARK [2][-]{subsection.7.3.5}{\376\377\000F\000l\000u\000s\000s\000o\000\040\000d\000i\000\040\000l\000a\000v\000o\000r\000o}{section.7.3}% 92
\BOOKMARK [1][-]{section.7.4}{\376\377\000P\000r\000o\000t\000e\000c\000t\000e\000d\000\040\000V\000a\000r\000i\000a\000t\000i\000o\000n\000s}{chapter.7}% 93
\BOOKMARK [2][-]{subsection.7.4.1}{\376\377\000P\000r\000o\000b\000l\000e\000m\000a}{section.7.4}% 94
\BOOKMARK [2][-]{subsection.7.4.2}{\376\377\000S\000o\000l\000u\000z\000i\000o\000n\000e}{section.7.4}% 95
\BOOKMARK [2][-]{subsection.7.4.3}{\376\377\000B\000e\000n\000e\000f\000i\000c\000i}{section.7.4}% 96
\BOOKMARK [2][-]{subsection.7.4.4}{\376\377\000C\000o\000n\000t\000r\000o\000i\000n\000d\000i\000c\000a\000z\000i\000o\000n\000i}{section.7.4}% 97
\BOOKMARK [2][-]{subsection.7.4.5}{\376\377\000F\000l\000u\000s\000s\000o\000\040\000d\000i\000\040\000l\000a\000v\000o\000r\000o}{section.7.4}% 98
\BOOKMARK [0][-]{chapter.8}{\376\377\000P\000a\000t\000t\000e\000r\000n\000\040\000G\000R\000A\000S\000P}{}% 99
\BOOKMARK [1][-]{section.8.1}{\376\377\000D\000e\000f\000i\000n\000i\000z\000i\000o\000n\000e}{chapter.8}% 100
\BOOKMARK [2][-]{subsection.8.1.1}{\376\377\000A\000p\000p\000r\000o\000c\000c\000i\000o\000\040\000R\000D\000D}{section.8.1}% 101
\BOOKMARK [2][-]{subsection.8.1.2}{\376\377\000P\000r\000i\000n\000c\000i\000p\000i\000\040\000f\000o\000n\000d\000a\000m\000e\000n\000t\000a\000l\000i}{section.8.1}% 102
\BOOKMARK [2][-]{subsection.8.1.3}{\376\377\000R\000e\000l\000a\000z\000i\000o\000n\000e\000\040\000t\000r\000a\000\040\000g\000l\000i\000\040\000e\000l\000a\000b\000o\000r\000a\000t\000i}{section.8.1}% 103
\BOOKMARK [1][-]{section.8.2}{\376\377\000R\000a\000p\000p\000r\000e\000s\000e\000n\000t\000a\000z\000i\000o\000n\000e\000\040\000d\000i\000\040\000u\000n\000\040\000P\000a\000t\000t\000e\000r\000n\000\040\000G\000R\000A\000S\000P}{chapter.8}% 104
\BOOKMARK [0][-]{chapter.9}{\376\377\000P\000a\000t\000t\000e\000r\000n\000\040\000G\000R\000A\000S\000P\000\040\000d\000i\000\040\000b\000a\000s\000e}{}% 105
\BOOKMARK [1][-]{section.9.1}{\376\377\000C\000r\000e\000a\000t\000o\000r}{chapter.9}% 106
\BOOKMARK [2][-]{subsection.9.1.1}{\376\377\000P\000r\000o\000b\000l\000e\000m\000a}{section.9.1}% 107
\BOOKMARK [2][-]{subsection.9.1.2}{\376\377\000S\000o\000l\000u\000z\000i\000o\000n\000e}{section.9.1}% 108
\BOOKMARK [2][-]{subsection.9.1.3}{\376\377\000B\000e\000n\000e\000f\000i\000c\000i}{section.9.1}% 109
\BOOKMARK [2][-]{subsection.9.1.4}{\376\377\000C\000o\000n\000t\000r\000o\000i\000n\000d\000i\000c\000a\000z\000i\000o\000n\000i}{section.9.1}% 110
\BOOKMARK [2][-]{subsection.9.1.5}{\376\377\000F\000l\000u\000s\000s\000o\000\040\000d\000i\000\040\000l\000a\000v\000o\000r\000o\000\040\000l\000o\000g\000i\000c\000o}{section.9.1}% 111
\BOOKMARK [2][-]{subsection.9.1.6}{\376\377\000M\000o\000d\000e\000l\000l\000o\000\040\000d\000i\000\040\000d\000o\000m\000i\000n\000i\000o}{section.9.1}% 112
\BOOKMARK [2][-]{subsection.9.1.7}{\376\377\000M\000o\000d\000e\000l\000l\000o\000\040\000d\000i\000\040\000s\000e\000q\000u\000e\000n\000z\000a}{section.9.1}% 113
\BOOKMARK [2][-]{subsection.9.1.8}{\376\377\000D\000i\000a\000g\000r\000a\000m\000m\000i\000\040\000d\000e\000l\000l\000e\000\040\000c\000l\000a\000s\000s\000i\000\040\000d\000i\000\040\000p\000r\000o\000g\000e\000t\000t\000o}{section.9.1}% 114
\BOOKMARK [1][-]{section.9.2}{\376\377\000I\000n\000f\000o\000r\000m\000a\000t\000i\000o\000n\000\040\000E\000x\000p\000e\000r\000t}{chapter.9}% 115
\BOOKMARK [2][-]{subsection.9.2.1}{\376\377\000P\000r\000o\000b\000l\000e\000m\000a}{section.9.2}% 116
\BOOKMARK [2][-]{subsection.9.2.2}{\376\377\000S\000o\000l\000u\000z\000i\000o\000n\000e}{section.9.2}% 117
\BOOKMARK [2][-]{subsection.9.2.3}{\376\377\000B\000e\000n\000e\000f\000i\000c\000i}{section.9.2}% 118
\BOOKMARK [2][-]{subsection.9.2.4}{\376\377\000C\000o\000n\000t\000r\000o\000i\000n\000d\000i\000z\000i\000o\000n\000i}{section.9.2}% 119
\BOOKMARK [2][-]{subsection.9.2.5}{\376\377\000F\000l\000u\000s\000s\000o\000\040\000d\000i\000\040\000l\000a\000v\000o\000r\000o}{section.9.2}% 120
\BOOKMARK [2][-]{subsection.9.2.6}{\376\377\000D\000i\000a\000g\000r\000a\000m\000m\000a\000\040\000d\000i\000\040\000s\000e\000q\000u\000e\000n\000z\000a}{section.9.2}% 121
\BOOKMARK [2][-]{subsection.9.2.7}{\376\377\000D\000i\000a\000g\000r\000a\000m\000m\000a\000\040\000d\000e\000l\000l\000e\000\040\000c\000l\000a\000s\000s\000i}{section.9.2}% 122
\BOOKMARK [1][-]{section.9.3}{\376\377\000L\000o\000w\000\040\000C\000o\000u\000p\000l\000i\000n\000g}{chapter.9}% 123
\BOOKMARK [2][-]{subsection.9.3.1}{\376\377\000P\000r\000o\000b\000l\000e\000m\000a}{section.9.3}% 124
\BOOKMARK [2][-]{subsection.9.3.2}{\376\377\000S\000o\000l\000u\000z\000i\000o\000n\000e}{section.9.3}% 125
\BOOKMARK [2][-]{subsection.9.3.3}{\376\377\000B\000e\000n\000e\000f\000i\000c\000i}{section.9.3}% 126
\BOOKMARK [2][-]{subsection.9.3.4}{\376\377\000C\000o\000n\000t\000r\000o\000i\000n\000d\000i\000c\000a\000z\000i\000o\000n\000i}{section.9.3}% 127
\BOOKMARK [2][-]{subsection.9.3.5}{\376\377\000F\000l\000u\000s\000s\000o\000\040\000d\000i\000\040\000l\000a\000v\000o\000r\000o}{section.9.3}% 128
\BOOKMARK [1][-]{section.9.4}{\376\377\000H\000i\000g\000h\000\040\000C\000o\000h\000e\000s\000i\000o\000n}{chapter.9}% 129
\BOOKMARK [2][-]{subsection.9.4.1}{\376\377\000P\000r\000o\000b\000l\000e\000m\000a}{section.9.4}% 130
\BOOKMARK [2][-]{subsection.9.4.2}{\376\377\000S\000o\000l\000u\000z\000i\000o\000n\000e}{section.9.4}% 131
\BOOKMARK [2][-]{subsection.9.4.3}{\376\377\000B\000e\000n\000e\000f\000i\000c\000i}{section.9.4}% 132
\BOOKMARK [2][-]{subsection.9.4.4}{\376\377\000C\000o\000n\000t\000r\000o\000i\000n\000d\000i\000c\000a\000z\000i\000o\000n\000i}{section.9.4}% 133
\BOOKMARK [2][-]{subsection.9.4.5}{\376\377\000F\000l\000u\000s\000s\000o\000\040\000d\000i\000\040\000l\000a\000v\000o\000r\000o}{section.9.4}% 134
\BOOKMARK [1][-]{section.9.5}{\376\377\000C\000o\000n\000t\000r\000o\000l\000l\000e\000r}{chapter.9}% 135
\BOOKMARK [2][-]{subsection.9.5.1}{\376\377\000P\000r\000o\000b\000l\000e\000m\000a}{section.9.5}% 136
\BOOKMARK [2][-]{subsection.9.5.2}{\376\377\000S\000o\000l\000u\000z\000i\000o\000n\000e}{section.9.5}% 137
\BOOKMARK [2][-]{subsection.9.5.3}{\376\377\000B\000e\000n\000e\000f\000i\000c\000i}{section.9.5}% 138
\BOOKMARK [2][-]{subsection.9.5.4}{\376\377\000C\000o\000n\000t\000r\000o\000i\000n\000d\000i\000c\000a\000z\000i\000o\000n\000i}{section.9.5}% 139
\BOOKMARK [2][-]{subsection.9.5.5}{\376\377\000F\000l\000u\000s\000s\000o\000\040\000d\000i\000\040\000l\000a\000v\000o\000r\000o}{section.9.5}% 140
\BOOKMARK [0][-]{chapter.10}{\376\377\000P\000a\000t\000t\000e\000r\000n\000\040\000G\000R\000A\000S\000P\000\040\000a\000v\000a\000n\000z\000a\000t\000i}{}% 141
\BOOKMARK [1][-]{section.10.1}{\376\377\000P\000u\000r\000e\000\040\000F\000a\000b\000r\000i\000c\000a\000t\000i\000o\000n}{chapter.10}% 142
\BOOKMARK [2][-]{subsection.10.1.1}{\376\377\000P\000r\000o\000b\000l\000e\000m\000a}{section.10.1}% 143
\BOOKMARK [2][-]{subsection.10.1.2}{\376\377\000S\000o\000l\000u\000z\000i\000o\000n\000e}{section.10.1}% 144
\BOOKMARK [2][-]{subsection.10.1.3}{\376\377\000B\000e\000n\000e\000f\000i\000c\000i}{section.10.1}% 145
\BOOKMARK [2][-]{subsection.10.1.4}{\376\377\000C\000o\000n\000t\000r\000o\000i\000n\000d\000i\000c\000a\000z\000i\000o\000n\000i}{section.10.1}% 146
\BOOKMARK [2][-]{subsection.10.1.5}{\376\377\000F\000l\000u\000s\000s\000o\000\040\000d\000i\000\040\000l\000a\000v\000o\000r\000o}{section.10.1}% 147
\BOOKMARK [1][-]{section.10.2}{\376\377\000P\000o\000l\000y\000m\000o\000r\000p\000h\000i\000s\000m}{chapter.10}% 148
\BOOKMARK [2][-]{subsection.10.2.1}{\376\377\000P\000r\000o\000b\000l\000e\000m\000a}{section.10.2}% 149
\BOOKMARK [2][-]{subsection.10.2.2}{\376\377\000S\000o\000l\000u\000z\000i\000o\000n\000e}{section.10.2}% 150
\BOOKMARK [2][-]{subsection.10.2.3}{\376\377\000B\000e\000n\000e\000f\000i\000c\000i}{section.10.2}% 151
\BOOKMARK [2][-]{subsection.10.2.4}{\376\377\000C\000o\000n\000t\000r\000o\000i\000n\000d\000i\000c\000a\000z\000i\000o\000n\000i}{section.10.2}% 152
\BOOKMARK [2][-]{subsection.10.2.5}{\376\377\000F\000l\000u\000s\000s\000o\000\040\000d\000i\000\040\000l\000a\000v\000o\000r\000o}{section.10.2}% 153
\BOOKMARK [1][-]{section.10.3}{\376\377\000I\000n\000d\000i\000r\000e\000c\000t\000i\000o\000n}{chapter.10}% 154
\BOOKMARK [2][-]{subsection.10.3.1}{\376\377\000P\000r\000o\000b\000l\000e\000m\000a}{section.10.3}% 155
\BOOKMARK [2][-]{subsection.10.3.2}{\376\377\000S\000o\000l\000u\000z\000i\000o\000n\000e}{section.10.3}% 156
\BOOKMARK [2][-]{subsection.10.3.3}{\376\377\000B\000e\000n\000e\000f\000i\000c\000i}{section.10.3}% 157
\BOOKMARK [2][-]{subsection.10.3.4}{\376\377\000C\000o\000n\000t\000r\000o\000i\000n\000d\000i\000c\000a\000z\000i\000o\000n\000i}{section.10.3}% 158
\BOOKMARK [2][-]{subsection.10.3.5}{\376\377\000F\000l\000u\000s\000s\000o\000\040\000d\000i\000\040\000l\000a\000v\000o\000r\000o}{section.10.3}% 159
\BOOKMARK [1][-]{section.10.4}{\376\377\000P\000r\000o\000t\000e\000c\000t\000e\000d\000\040\000V\000a\000r\000i\000a\000t\000i\000o\000n\000s}{chapter.10}% 160
\BOOKMARK [2][-]{subsection.10.4.1}{\376\377\000P\000r\000o\000b\000l\000e\000m\000a}{section.10.4}% 161
\BOOKMARK [2][-]{subsection.10.4.2}{\376\377\000S\000o\000l\000u\000z\000i\000o\000n\000e}{section.10.4}% 162
\BOOKMARK [2][-]{subsection.10.4.3}{\376\377\000B\000e\000n\000e\000f\000i\000c\000i}{section.10.4}% 163
\BOOKMARK [2][-]{subsection.10.4.4}{\376\377\000C\000o\000n\000t\000r\000o\000i\000n\000d\000i\000c\000a\000z\000i\000o\000n\000i}{section.10.4}% 164
\BOOKMARK [2][-]{subsection.10.4.5}{\376\377\000F\000l\000u\000s\000s\000o\000\040\000d\000i\000\040\000l\000a\000v\000o\000r\000o}{section.10.4}% 165
\BOOKMARK [0][-]{chapter.11}{\376\377\000D\000e\000s\000i\000g\000n\000\040\000P\000a\000t\000t\000e\000r\000n\000\040\000G\000o\000F}{}% 166
\BOOKMARK [1][-]{section.11.1}{\376\377\000C\000o\000s\000a\000\040\000s\000o\000n\000o\000?}{chapter.11}% 167
\BOOKMARK [1][-]{section.11.2}{\376\377\000C\000o\000n\000f\000r\000o\000n\000t\000o\000\040\000c\000o\000n\000\040\000i\000\040\000p\000a\000t\000t\000e\000r\000n\000\040\000G\000R\000A\000S\000P}{chapter.11}% 168
\BOOKMARK [2][-]{subsection.11.2.1}{\376\377\000P\000r\000i\000n\000c\000i\000p\000i\000\040\000c\000o\000n\000t\000r\000o\000\040\000S\000t\000r\000u\000t\000t\000u\000r\000e}{section.11.2}% 169
\BOOKMARK [1][-]{section.11.3}{\376\377\000A\000d\000a\000p\000t\000e\000r}{chapter.11}% 170
\BOOKMARK [2][-]{subsection.11.3.1}{\376\377\000P\000r\000o\000b\000l\000e\000m\000a}{section.11.3}% 171
\BOOKMARK [2][-]{subsection.11.3.2}{\376\377\000S\000o\000l\000u\000z\000i\000o\000n\000e}{section.11.3}% 172
\BOOKMARK [2][-]{subsection.11.3.3}{\376\377\000B\000e\000n\000e\000f\000i\000c\000i}{section.11.3}% 173
\BOOKMARK [2][-]{subsection.11.3.4}{\376\377\000C\000o\000n\000t\000r\000o\000i\000n\000d\000i\000c\000a\000z\000i\000o\000n\000i}{section.11.3}% 174
\BOOKMARK [2][-]{subsection.11.3.5}{\376\377\000I\000m\000p\000l\000e\000m\000e\000n\000t\000a\000z\000i\000o\000n\000e}{section.11.3}% 175
\BOOKMARK [2][-]{subsection.11.3.6}{\376\377\000D\000e\000t\000t\000a\000g\000l\000i}{section.11.3}% 176
\BOOKMARK [1][-]{section.11.4}{\376\377\000F\000a\000c\000t\000o\000r\000y}{chapter.11}% 177
\BOOKMARK [2][-]{subsection.11.4.1}{\376\377\000P\000r\000o\000b\000l\000e\000m\000a}{section.11.4}% 178
\BOOKMARK [2][-]{subsection.11.4.2}{\376\377\000S\000o\000l\000u\000z\000i\000o\000n\000e}{section.11.4}% 179
\BOOKMARK [2][-]{subsection.11.4.3}{\376\377\000B\000e\000n\000e\000f\000i\000c\000i}{section.11.4}% 180
\BOOKMARK [2][-]{subsection.11.4.4}{\376\377\000I\000m\000p\000l\000e\000m\000e\000n\000t\000a\000z\000i\000o\000n\000e}{section.11.4}% 181
\BOOKMARK [2][-]{subsection.11.4.5}{\376\377\000D\000e\000t\000t\000a\000g\000l\000i}{section.11.4}% 182
\BOOKMARK [1][-]{section.11.5}{\376\377\000S\000i\000n\000g\000l\000e\000t\000o\000n}{chapter.11}% 183
\BOOKMARK [2][-]{subsection.11.5.1}{\376\377\000P\000r\000o\000b\000l\000e\000m\000a}{section.11.5}% 184
\BOOKMARK [2][-]{subsection.11.5.2}{\376\377\000S\000o\000l\000u\000z\000i\000o\000n\000e}{section.11.5}% 185
\BOOKMARK [2][-]{subsection.11.5.3}{\376\377\000B\000e\000n\000e\000f\000i\000c\000i}{section.11.5}% 186
\BOOKMARK [2][-]{subsection.11.5.4}{\376\377\000C\000o\000n\000t\000r\000o\000i\000n\000d\000i\000c\000a\000z\000i\000o\000n\000i}{section.11.5}% 187
\BOOKMARK [2][-]{subsection.11.5.5}{\376\377\000I\000m\000p\000l\000e\000m\000e\000n\000t\000a\000z\000i\000o\000n\000e}{section.11.5}% 188
\BOOKMARK [2][-]{subsection.11.5.6}{\376\377\000D\000e\000t\000t\000a\000g\000l\000i}{section.11.5}% 189
\BOOKMARK [1][-]{section.11.6}{\376\377\000S\000t\000r\000a\000t\000e\000g\000y}{chapter.11}% 190
\BOOKMARK [2][-]{subsection.11.6.1}{\376\377\000P\000r\000o\000b\000l\000e\000m\000a}{section.11.6}% 191
\BOOKMARK [2][-]{subsection.11.6.2}{\376\377\000S\000o\000l\000u\000z\000i\000o\000n\000e}{section.11.6}% 192
\BOOKMARK [2][-]{subsection.11.6.3}{\376\377\000B\000e\000n\000e\000f\000i\000c\000i}{section.11.6}% 193
\BOOKMARK [2][-]{subsection.11.6.4}{\376\377\000I\000m\000p\000l\000e\000m\000e\000n\000t\000a\000z\000i\000o\000n\000e}{section.11.6}% 194
\BOOKMARK [2][-]{subsection.11.6.5}{\376\377\000D\000e\000t\000t\000a\000g\000l\000i}{section.11.6}% 195
\BOOKMARK [1][-]{section.11.7}{\376\377\000C\000o\000m\000p\000o\000s\000i\000t\000e}{chapter.11}% 196
\BOOKMARK [2][-]{subsection.11.7.1}{\376\377\000P\000r\000o\000b\000l\000e\000m\000a}{section.11.7}% 197
\BOOKMARK [2][-]{subsection.11.7.2}{\376\377\000S\000o\000l\000u\000z\000i\000o\000n\000e}{section.11.7}% 198
\BOOKMARK [2][-]{subsection.11.7.3}{\376\377\000B\000e\000n\000e\000f\000i\000c\000i}{section.11.7}% 199
\BOOKMARK [2][-]{subsection.11.7.4}{\376\377\000I\000m\000p\000l\000e\000m\000e\000n\000t\000a\000z\000i\000o\000n\000e}{section.11.7}% 200
\BOOKMARK [2][-]{subsection.11.7.5}{\376\377\000D\000e\000t\000t\000a\000g\000l\000i}{section.11.7}% 201
\BOOKMARK [1][-]{section.11.8}{\376\377\000F\000a\000c\000a\000d\000e}{chapter.11}% 202
\BOOKMARK [2][-]{subsection.11.8.1}{\376\377\000P\000r\000o\000b\000l\000e\000m\000a}{section.11.8}% 203
\BOOKMARK [2][-]{subsection.11.8.2}{\376\377\000S\000o\000l\000u\000z\000i\000o\000n\000e}{section.11.8}% 204
\BOOKMARK [2][-]{subsection.11.8.3}{\376\377\000B\000e\000n\000e\000f\000i\000c\000i}{section.11.8}% 205
\BOOKMARK [2][-]{subsection.11.8.4}{\376\377\000I\000m\000p\000l\000e\000m\000e\000n\000t\000a\000z\000i\000o\000n\000e}{section.11.8}% 206
\BOOKMARK [2][-]{subsection.11.8.5}{\376\377\000D\000e\000t\000t\000a\000g\000l\000i}{section.11.8}% 207
\BOOKMARK [1][-]{section.11.9}{\376\377\000O\000b\000s\000e\000r\000v\000e\000r\000\040\000\050\000P\000u\000b\000l\000i\000s\000h\000-\000S\000u\000b\000s\000c\000r\000i\000b\000e\000\051}{chapter.11}% 208
\BOOKMARK [2][-]{subsection.11.9.1}{\376\377\000P\000r\000o\000b\000l\000e\000m\000a}{section.11.9}% 209
\BOOKMARK [2][-]{subsection.11.9.2}{\376\377\000S\000o\000l\000u\000z\000i\000o\000n\000e}{section.11.9}% 210
\BOOKMARK [2][-]{subsection.11.9.3}{\376\377\000B\000e\000n\000e\000f\000i\000c\000i}{section.11.9}% 211
\BOOKMARK [2][-]{subsection.11.9.4}{\376\377\000I\000m\000p\000l\000e\000m\000e\000n\000t\000a\000z\000i\000o\000n\000e}{section.11.9}% 212
\BOOKMARK [2][-]{subsection.11.9.5}{\376\377\000D\000e\000t\000t\000a\000g\000l\000i}{section.11.9}% 213
\BOOKMARK [0][-]{chapter.12}{\376\377\000T\000D\000D\000\040\000-\000\040\000T\000e\000s\000t\000\040\000D\000r\000i\000v\000e\000n\000\040\000D\000e\000v\000e\000l\000o\000p\000m\000e\000n\000t}{}% 214
\BOOKMARK [1][-]{section.12.1}{\376\377\000D\000e\000f\000i\000n\000i\000z\000i\000o\000n\000e}{chapter.12}% 215
\BOOKMARK [1][-]{section.12.2}{\376\377\000C\000o\000s\000a\000\040\000\350\000\040\000u\000n\000\040\000t\000e\000s\000t\000\040\000u\000n\000i\000t\000a\000r\000i\000o\000?}{chapter.12}% 216
\BOOKMARK [2][-]{subsection.12.2.1}{\376\377\000S\000c\000h\000e\000m\000a\000\040\000d\000i\000\040\000t\000e\000s\000t}{section.12.2}% 217
\BOOKMARK [2][-]{subsection.12.2.2}{\376\377\000T\000i\000p\000i\000\040\000d\000i\000\040\000t\000e\000s\000t}{section.12.2}% 218
\BOOKMARK [1][-]{section.12.3}{\376\377\000V\000a\000n\000t\000a\000g\000g\000i}{chapter.12}% 219
\BOOKMARK [1][-]{section.12.4}{\376\377\000S\000v\000a\000n\000t\000a\000g\000g\000i}{chapter.12}% 220
\BOOKMARK [1][-]{section.12.5}{\376\377\000P\000r\000o\000g\000e\000t\000t\000a\000z\000i\000o\000n\000e\000\040\000d\000e\000g\000l\000i\000\040\000i\000n\000p\000u\000t}{chapter.12}% 221
\BOOKMARK [0][-]{chapter.13}{\376\377\000R\000e\000f\000a\000c\000t\000o\000r\000i\000n\000g}{}% 222
\BOOKMARK [1][-]{section.13.1}{\376\377\000D\000e\000f\000i\000n\000i\000z\000i\000o\000n\000e}{chapter.13}% 223
\BOOKMARK [1][-]{section.13.2}{\376\377\000O\000b\000i\000e\000t\000t\000i\000v\000i\000\040\000e\000\040\000V\000a\000n\000t\000a\000g\000g\000i}{chapter.13}% 224
\BOOKMARK [1][-]{section.13.3}{\376\377\000Q\000u\000a\000n\000d\000o\000\040\000u\000s\000a\000r\000l\000o\000?}{chapter.13}% 225
\BOOKMARK [1][-]{section.13.4}{\376\377\000P\000r\000o\000c\000e\000d\000u\000r\000a}{chapter.13}% 226
\BOOKMARK [1][-]{section.13.5}{\376\377\000C\000o\000s\000a\000\040\000\350\000\040\000u\000n\000\040\000C\000o\000d\000e\000\040\000S\000m\000e\000l\000l\000?}{chapter.13}% 227
\BOOKMARK [1][-]{section.13.6}{\376\377\000T\000a\000b\000e\000l\000l\000a\000\040\000C\000o\000d\000e\000\040\000S\000m\000e\000l\000l}{chapter.13}% 228
\BOOKMARK [0][-]{chapter.14}{\376\377\000V\000i\000s\000i\000b\000i\000l\000i\000t\000\340}{}% 229
\BOOKMARK [1][-]{section.14.1}{\376\377\000D\000e\000f\000i\000n\000i\000z\000i\000o\000n\000e}{chapter.14}% 230
\BOOKMARK [1][-]{section.14.2}{\376\377\000T\000i\000p\000i\000\040\000d\000i\000\040\000v\000i\000s\000i\000b\000i\000l\000i\000\340}{chapter.14}% 231
\BOOKMARK [2][-]{subsection.14.2.1}{\376\377\000V\000i\000s\000i\000b\000i\000l\000i\000t\000\340\000\040\000p\000e\000r\000\040\000a\000t\000t\000r\000i\000b\000u\000t\000o}{section.14.2}% 232
\BOOKMARK [2][-]{subsection.14.2.2}{\376\377\000V\000i\000s\000i\000b\000i\000l\000i\000t\000\340\000\040\000p\000e\000r\000\040\000p\000a\000r\000a\000m\000e\000t\000r\000o}{section.14.2}% 233
\BOOKMARK [2][-]{subsection.14.2.3}{\376\377\000V\000i\000s\000i\000b\000i\000l\000i\000t\000\340\000\040\000l\000o\000c\000a\000l\000e}{section.14.2}% 234
\BOOKMARK [2][-]{subsection.14.2.4}{\376\377\000V\000i\000s\000i\000b\000i\000l\000i\000t\000\340\000\040\000g\000l\000o\000b\000a\000l\000e}{section.14.2}% 235
\BOOKMARK [1][-]{section.14.3}{\376\377\000T\000r\000a\000s\000f\000o\000r\000m\000a\000z\000i\000o\000n\000e\000\040\000d\000e\000l\000l\000a\000\040\000v\000i\000s\000i\000b\000i\000l\000i\000t\000\340}{chapter.14}% 236
\BOOKMARK [2][-]{subsection.14.3.1}{\376\377\000D\000a\000\040\000v\000i\000s\000i\000b\000i\000l\000i\000t\000\340\000\040\000l\000o\000c\000a\000l\000e\000\040\000a\000\040\000v\000i\000s\000i\000b\000i\000l\000i\000t\000\340\000\040\000p\000e\000r\000\040\000p\000a\000r\000a\000m\000e\000t\000r\000o}{section.14.3}% 237
\BOOKMARK [2][-]{subsection.14.3.2}{\376\377\000D\000a\000\040\000v\000i\000s\000i\000b\000i\000l\000i\000t\000\340\000\040\000p\000e\000r\000\040\000p\000a\000r\000a\000m\000e\000t\000r\000o\000\040\000a\000\040\000v\000i\000s\000i\000b\000i\000l\000i\000t\000\340\000\040\000p\000e\000r\000\040\000a\000t\000t\000r\000i\000b\000u\000t\000o}{section.14.3}% 238
