\BOOKMARK [0][-]{chapter.1}{\376\377\000A\000l\000g\000e\000b\000r\000a\000\040\000R\000e\000l\000a\000z\000i\000o\000n\000a\000l\000e}{}% 1
\BOOKMARK [1][-]{section.1.1}{\376\377\000C\000o\000s\000a\000\040\000\350\000?}{chapter.1}% 2
\BOOKMARK [1][-]{section.1.2}{\376\377\000S\000t\000r\000u\000t\000t\000u\000r\000a\000\040\000b\000a\000s\000e\000\040\000d\000i\000\040\000u\000n\000a\000\040\000r\000e\000l\000a\000z\000i\000o\000n\000e}{chapter.1}% 3
\BOOKMARK [1][-]{section.1.3}{\376\377\000C\000h\000i\000a\000v\000i\000\040\000e\000\040\000V\000i\000n\000c\000o\000l\000i}{chapter.1}% 4
\BOOKMARK [1][-]{section.1.4}{\376\377\000C\000a\000t\000e\000g\000o\000r\000i\000e\000\040\000d\000i\000\040\000o\000p\000e\000r\000a\000t\000o\000r\000i}{chapter.1}% 5
\BOOKMARK [2][-]{subsection.1.4.1}{\376\377\000P\000r\000e\000c\000e\000d\000e\000n\000z\000a\000\040\000e\000\040\000p\000a\000r\000e\000n\000t\000e\000s\000i\000z\000z\000a\000z\000i\000o\000n\000e}{section.1.4}% 6
\BOOKMARK [1][-]{section.1.5}{\376\377\000U\000n\000i\000o\000n\000e\000\040}{chapter.1}% 7
\BOOKMARK [2][-]{subsection.1.5.1}{\376\377\000D\000e\000f\000i\000n\000i\000z\000i\000o\000n\000e}{section.1.5}% 8
\BOOKMARK [2][-]{subsection.1.5.2}{\376\377\000E\000s\000e\000m\000p\000i\000o}{section.1.5}% 9
\BOOKMARK [1][-]{section.1.6}{\376\377\000I\000n\000t\000e\000r\000s\000e\000z\000i\000o\000n\000e\000\040}{chapter.1}% 10
\BOOKMARK [2][-]{subsection.1.6.1}{\376\377\000D\000e\000f\000i\000n\000i\000z\000i\000o\000n\000e}{section.1.6}% 11
\BOOKMARK [2][-]{subsection.1.6.2}{\376\377\000E\000s\000e\000m\000p\000i\000o}{section.1.6}% 12
\BOOKMARK [1][-]{section.1.7}{\376\377\000D\000i\000f\000f\000e\000r\000e\000n\000z\000e\000\040}{chapter.1}% 13
\BOOKMARK [2][-]{subsection.1.7.1}{\376\377\000D\000e\000f\000i\000n\000i\000z\000i\000o\000n\000e}{section.1.7}% 14
\BOOKMARK [2][-]{subsection.1.7.2}{\376\377\000E\000s\000e\000m\000p\000i\000o}{section.1.7}% 15
\BOOKMARK [1][-]{section.1.8}{\376\377\000R\000i\000d\000e\000n\000o\000m\000i\000n\000a\000z\000i\000o\000n\000e\000\040}{chapter.1}% 16
\BOOKMARK [2][-]{subsection.1.8.1}{\376\377\000D\000e\000f\000i\000n\000i\000z\000i\000o\000n\000e}{section.1.8}% 17
\BOOKMARK [2][-]{subsection.1.8.2}{\376\377\000E\000s\000e\000m\000p\000i\000o}{section.1.8}% 18
\BOOKMARK [1][-]{section.1.9}{\376\377\000S\000e\000l\000e\000z\000i\000o\000n\000e\000\040}{chapter.1}% 19
\BOOKMARK [2][-]{subsection.1.9.1}{\376\377\000D\000e\000f\000i\000n\000i\000z\000i\000o\000n\000e}{section.1.9}% 20
\BOOKMARK [2][-]{subsection.1.9.2}{\376\377\000S\000e\000m\000a\000n\000t\000i\000c\000a}{section.1.9}% 21
\BOOKMARK [2][-]{subsection.1.9.3}{\376\377\000E\000s\000e\000m\000p\000i\000o}{section.1.9}% 22
\BOOKMARK [1][-]{section.1.10}{\376\377\000P\000r\000o\000i\000e\000z\000i\000o\000n\000e\000\040}{chapter.1}% 23
\BOOKMARK [2][-]{subsection.1.10.1}{\376\377\000D\000e\000f\000i\000n\000i\000z\000i\000o\000n\000e}{section.1.10}% 24
\BOOKMARK [2][-]{subsection.1.10.2}{\376\377\000E\000s\000e\000m\000p\000i\000o}{section.1.10}% 25
\BOOKMARK [1][-]{section.1.11}{\376\377\000P\000r\000o\000d\000o\000t\000t\000o\000\040\000c\000a\000r\000t\000e\000s\000i\000a\000n\000o\000\040}{chapter.1}% 26
\BOOKMARK [2][-]{subsection.1.11.1}{\376\377\000D\000e\000f\000i\000n\000i\000z\000i\000o\000n\000e}{section.1.11}% 27
\BOOKMARK [2][-]{subsection.1.11.2}{\376\377\000E\000s\000e\000m\000p\000i\000o}{section.1.11}% 28
\BOOKMARK [1][-]{section.1.12}{\376\377\000T\000h\000e\000t\000a\000-\000j\000o\000i\000n\000\040\000-\0003\000m\000u}{chapter.1}% 29
\BOOKMARK [2][-]{subsection.1.12.1}{\376\377\000D\000e\000f\000i\000n\000i\000z\000i\000o\000n\000e}{section.1.12}% 30
\BOOKMARK [2][-]{subsection.1.12.2}{\376\377\000E\000s\000e\000m\000p\000i\000o}{section.1.12}% 31
\BOOKMARK [1][-]{section.1.13}{\376\377\000N\000a\000t\000u\000r\000a\000l\000-\000j\000o\000i\000n\000\040\000-\0003\000m\000u}{chapter.1}% 32
\BOOKMARK [2][-]{subsection.1.13.1}{\376\377\000D\000e\000f\000i\000n\000i\000z\000i\000o\000n\000e}{section.1.13}% 33
\BOOKMARK [2][-]{subsection.1.13.2}{\376\377\000E\000s\000e\000m\000p\000i\000o}{section.1.13}% 34
\BOOKMARK [1][-]{section.1.14}{\376\377\000A\000l\000b\000e\000r\000i\000\040\000d\000i\000\040\000e\000s\000e\000c\000u\000z\000i\000o\000n\000e}{chapter.1}% 35
\BOOKMARK [2][-]{subsection.1.14.1}{\376\377\000D\000e\000f\000i\000n\000i\000z\000i\000o\000n\000e}{section.1.14}% 36
\BOOKMARK [2][-]{subsection.1.14.2}{\376\377\000E\000s\000e\000m\000p\000i\000o}{section.1.14}% 37
\BOOKMARK [1][-]{section.1.15}{\376\377\000D\000i\000v\000i\000s\000i\000o\000n\000e\000\040}{chapter.1}% 38
\BOOKMARK [2][-]{subsection.1.15.1}{\376\377\000D\000e\000f\000i\000n\000i\000z\000i\000o\000n\000e}{section.1.15}% 39
\BOOKMARK [2][-]{subsection.1.15.2}{\376\377\000E\000s\000e\000m\000p\000i\000o}{section.1.15}% 40
\BOOKMARK [1][-]{section.1.16}{\376\377\000A\000g\000g\000r\000e\000g\000a\000z\000i\000o\000n\000e\000\040\000\050\000Y\000\051}{chapter.1}% 41
\BOOKMARK [2][-]{subsection.1.16.1}{\376\377\000D\000e\000f\000i\000n\000i\000z\000i\000o\000n\000e}{section.1.16}% 42
\BOOKMARK [2][-]{subsection.1.16.2}{\376\377\000E\000s\000e\000m\000p\000i\000o}{section.1.16}% 43
\BOOKMARK [0][-]{chapter.2}{\376\377\000D\000D\000L\000\040\000-\000\040\000D\000a\000t\000a\000\040\000D\000e\000f\000i\000n\000i\000t\000i\000o\000n\000\040\000L\000a\000n\000g\000u\000a\000g\000e}{}% 44
\BOOKMARK [1][-]{section.2.1}{\376\377\000N\000o\000t\000a\000z\000i\000o\000n\000e}{chapter.2}% 45
\BOOKMARK [1][-]{section.2.2}{\376\377\000S\000c\000h\000e\000m\000i}{chapter.2}% 46
\BOOKMARK [2][-]{subsection.2.2.1}{\376\377\000C\000o\000s\000a\000\040\000s\000o\000n\000o\000?}{section.2.2}% 47
\BOOKMARK [2][-]{subsection.2.2.2}{\376\377\000S\000i\000n\000t\000a\000s\000s\000i\000\040\000d\000i\000\040\000c\000r\000e\000a\000z\000i\000o\000n\000e}{section.2.2}% 48
\BOOKMARK [2][-]{subsection.2.2.3}{\376\377\000E\000s\000e\000m\000p\000i\000o\000:\000\040\000C\000r\000e\000a\000z\000i\000o\000n\000e\000\040\000d\000i\000\040\000u\000n\000o\000\040\000s\000c\000h\000e\000m\000a\000\040\000v\000u\000o\000t\000o}{section.2.2}% 49
\BOOKMARK [2][-]{subsection.2.2.4}{\376\377\000E\000s\000e\000m\000p\000i\000o\000:\000\040\000C\000r\000e\000a\000z\000i\000o\000n\000e\000\040\000d\000i\000\040\000u\000n\000o\000\040\000s\000c\000h\000e\000m\000a\000\040\000u\000t\000i\000l\000i\000z\000z\000a\000n\000d\000o\000\040\000t\000u\000t\000t\000e\000\040\000l\000e\000\040\000o\000p\000z\000i\000o\000n\000i\000\040\000d\000i\000s\000p\000o\000n\000i\000b\000i\000l\000i}{section.2.2}% 50
\BOOKMARK [1][-]{section.2.3}{\376\377\000T\000a\000b\000e\000l\000l\000e}{chapter.2}% 51
\BOOKMARK [2][-]{subsection.2.3.1}{\376\377\000C\000o\000s\000a\000\040\000s\000o\000n\000o\000?}{section.2.3}% 52
\BOOKMARK [2][-]{subsection.2.3.2}{\376\377\000S\000i\000n\000t\000a\000s\000s\000i\000\040\000d\000i\000\040\000c\000r\000e\000a\000z\000i\000o\000n\000e}{section.2.3}% 53
\BOOKMARK [2][-]{subsection.2.3.3}{\376\377\000E\000s\000e\000m\000p\000i\000o\000:\000\040\000C\000r\000e\000a\000z\000i\000o\000n\000e\000\040\000d\000i\000\040\000u\000n\000a\000\040\000t\000a\000b\000e\000l\000l\000a\000\040\000c\000o\000n\000\040\000e\000l\000e\000m\000e\000n\000t\000i\000\040\000m\000i\000n\000i\000m\000i}{section.2.3}% 54
\BOOKMARK [2][-]{subsection.2.3.4}{\376\377\000E\000s\000e\000m\000p\000i\000o\000:\000\040\000C\000r\000e\000a\000z\000i\000o\000n\000e\000\040\000d\000i\000\040\000u\000n\000a\000\040\000t\000a\000b\000e\000l\000l\000a\000\040\000f\000u\000l\000l\000\040\000o\000p\000t\000i\000o\000n\000a\000l}{section.2.3}% 55
\BOOKMARK [1][-]{section.2.4}{\376\377\000D\000e\000f\000i\000n\000i\000z\000i\000o\000n\000e\000\040\000d\000e\000i\000\040\000D\000a\000t\000i\000:\000\040\000I\000\040\000D\000o\000m\000i\000n\000i}{chapter.2}% 56
\BOOKMARK [2][-]{subsection.2.4.1}{\376\377\000C\000o\000s\000a\000\040\000s\000o\000n\000o\000?}{section.2.4}% 57
\BOOKMARK [2][-]{subsection.2.4.2}{\376\377\000D\000o\000m\000i\000n\000i\000\040\000e\000l\000e\000m\000e\000n\000t\000a\000r\000i}{section.2.4}% 58
\BOOKMARK [1][-]{section.2.5}{\376\377\000D\000o\000m\000i\000n\000i\000\040\000d\000e\000f\000i\000n\000i\000t\000i\000\040\000d\000a\000g\000l\000i\000\040\000u\000t\000e\000n\000t\000i}{chapter.2}% 59
\BOOKMARK [2][-]{subsection.2.5.1}{\376\377\000C\000o\000s\000a\000\040\000s\000o\000n\000o\000?}{section.2.5}% 60
\BOOKMARK [2][-]{subsection.2.5.2}{\376\377\000S\000i\000n\000t\000a\000s\000s\000i\000\040\000d\000i\000\040\000c\000r\000e\000a\000z\000i\000o\000n\000e}{section.2.5}% 61
\BOOKMARK [2][-]{subsection.2.5.3}{\376\377\000E\000s\000e\000m\000p\000i\000o\000:\000\040\000C\000r\000e\000a\000z\000i\000o\000n\000e\000\040\000d\000i\000\040\000d\000o\000m\000i\000n\000i\000o\000\040\000s\000e\000m\000p\000l\000i\000c\000e}{section.2.5}% 62
\BOOKMARK [2][-]{subsection.2.5.4}{\376\377\000E\000s\000e\000m\000p\000i\000o\000:\000\040\000C\000r\000e\000a\000z\000i\000o\000n\000e\000\040\000d\000i\000\040\000u\000n\000\040\000d\000o\000m\000i\000n\000i\000o\000\040\000f\000u\000l\000l\000\040\000o\000p\000t\000i\000o\000n\000a\000l}{section.2.5}% 63
\BOOKMARK [1][-]{section.2.6}{\376\377\000V\000i\000n\000c\000o\000l\000i\000\040\000i\000n\000t\000r\000a\000r\000e\000l\000a\000z\000i\000o\000n\000a\000l\000e}{chapter.2}% 64
\BOOKMARK [2][-]{subsection.2.6.1}{\376\377\000T\000i\000p\000i\000d\000i\000\040\000d\000i\000\040\000v\000i\000n\000c\000o\000l\000i\000\040\000i\000n\000t\000r\000a\000r\000e\000l\000a\000z\000i\000o\000n\000a\000l\000i}{section.2.6}% 65
\BOOKMARK [2][-]{subsection.2.6.2}{\376\377\000E\000s\000e\000m\000p\000i\000o}{section.2.6}% 66
\BOOKMARK [1][-]{section.2.7}{\376\377\000V\000i\000n\000c\000o\000l\000i\000\040\000i\000n\000t\000e\000r\000r\000e\000l\000a\000z\000i\000o\000n\000a\000l\000i\000:\000\040\000I\000n\000t\000e\000g\000r\000i\000t\000\340\000\040\000r\000e\000f\000e\000r\000e\000n\000z\000i\000a\000l\000e}{chapter.2}% 67
\BOOKMARK [2][-]{subsection.2.7.1}{\376\377\000C\000o\000s\000a\000\040\000s\000o\000n\000o\000?}{section.2.7}% 68
\BOOKMARK [2][-]{subsection.2.7.2}{\376\377\000S\000i\000n\000t\000a\000s\000s\000i}{section.2.7}% 69
\BOOKMARK [2][-]{subsection.2.7.3}{\376\377\000E\000s\000e\000m\000p\000i\000o}{section.2.7}% 70
\BOOKMARK [1][-]{section.2.8}{\376\377\000A\000g\000g\000i\000o\000r\000n\000a\000m\000e\000n\000t\000o}{chapter.2}% 71
\BOOKMARK [2][-]{subsection.2.8.1}{\376\377\000I\000l\000\040\000p\000r\000o\000b\000l\000e\000m\000a\000\040\000d\000e\000l\000l\000'\000a\000g\000g\000i\000o\000r\000n\000a\000m\000e\000n\000t\000o}{section.2.8}% 72
\BOOKMARK [2][-]{subsection.2.8.2}{\376\377\000I\000l\000\040\000p\000r\000o\000b\000l\000e\000m\000a\000\040\000d\000e\000l\000l\000e\000\040\000v\000i\000o\000l\000a\000z\000i\000o\000n\000i}{section.2.8}% 73
\BOOKMARK [2][-]{subsection.2.8.3}{\376\377\000R\000e\000a\000z\000i\000o\000n\000i\000\040\000a\000\040\000v\000i\000o\000l\000a\000z\000i\000o\000n\000i\000\040\000s\000u\000l\000l\000a\000\040\000t\000a\000b\000e\000l\000a\000l\000\040\000p\000a\000d\000r\000e}{section.2.8}% 74
\BOOKMARK [2][-]{subsection.2.8.4}{\376\377\000V\000i\000n\000c\000o\000l\000i\000\040\000c\000o\000n\000\040\000n\000o\000m\000i}{section.2.8}% 75
\BOOKMARK [1][-]{section.2.9}{\376\377\000M\000o\000d\000i\000f\000i\000c\000h\000e\000\040\000d\000e\000g\000l\000i\000\040\000s\000c\000h\000e\000m\000i\000:\000\040\000A\000L\000T\000E\000R}{chapter.2}% 76
\BOOKMARK [2][-]{subsection.2.9.1}{\376\377\000A\000\040\000c\000o\000s\000a\000\040\000s\000e\000r\000v\000e\000?}{section.2.9}% 77
\BOOKMARK [2][-]{subsection.2.9.2}{\376\377\000T\000i\000p\000i\000\040\000d\000i\000\040\000A\000L\000T\000E\000R}{section.2.9}% 78
\BOOKMARK [2][-]{subsection.2.9.3}{\376\377\000S\000i\000n\000t\000a\000s\000s\000i\000\040\000A\000L\000T\000E\000R\000\040\000D\000O\000M\000A\000I\000N}{section.2.9}% 79
\BOOKMARK [2][-]{subsection.2.9.4}{\376\377\000E\000s\000e\000m\000p\000i\000o\000\040\000d\000i\000\040\000A\000L\000T\000E\000R\000\040\000D\000O\000M\000A\000I\000N}{section.2.9}% 80
\BOOKMARK [2][-]{subsection.2.9.5}{\376\377\000S\000i\000n\000t\000a\000s\000s\000i\000\040\000A\000L\000T\000E\000R\000\040\000T\000A\000B\000L\000E}{section.2.9}% 81
\BOOKMARK [2][-]{subsection.2.9.6}{\376\377\000E\000s\000e\000m\000p\000i\000o\000\040\000d\000i\000\040\000A\000L\000T\000E\000R\000\040\000T\000A\000B\000L\000E}{section.2.9}% 82
\BOOKMARK [1][-]{section.2.10}{\376\377\000V\000i\000n\000c\000o\000l\000o\000\040\000i\000n\000t\000e\000r\000r\000e\000l\000a\000z\000i\000o\000n\000a\000l\000e\000:\000\040\000U\000P\000D\000A\000T\000E}{chapter.2}% 83
\BOOKMARK [2][-]{subsection.2.10.1}{\376\377\000A\000\040\000c\000o\000s\000a\000\040\000s\000e\000r\000v\000e}{section.2.10}% 84
\BOOKMARK [2][-]{subsection.2.10.2}{\376\377\000E\000s\000e\000m\000p\000i\000\040\000p\000r\000a\000t\000i\000c\000i}{section.2.10}% 85
\BOOKMARK [1][-]{section.2.11}{\376\377\000V\000i\000n\000c\000o\000l\000o\000\040\000i\000n\000t\000e\000r\000r\000e\000l\000a\000z\000i\000o\000n\000a\000l\000e\000:\000\040\000D\000R\000O\000P}{chapter.2}% 86
\BOOKMARK [2][-]{subsection.2.11.1}{\376\377\000C\000o\000s\000a\000\040\000f\000a\000?}{section.2.11}% 87
\BOOKMARK [2][-]{subsection.2.11.2}{\376\377\000D\000R\000O\000P\000\040\000D\000O\000M\000A\000I\000N}{section.2.11}% 88
\BOOKMARK [0][-]{chapter.3}{\376\377\000O\000p\000e\000r\000a\000t\000o\000r\000e\000\040\000S\000E\000L\000E\000C\000T\000\040\000-\000\040\000I\000n\000t\000e\000r\000r\000o\000g\000a\000z\000i\000o\000n\000e\000\040\000d\000i\000\040\000u\000n\000\040\000d\000a\000t\000a\000b\000a\000s\000e}{}% 89
\BOOKMARK [1][-]{section.3.1}{\376\377\000A\000\040\000c\000o\000s\000a\000\040\000s\000e\000r\000v\000e\000?}{chapter.3}% 90
\BOOKMARK [1][-]{section.3.2}{\376\377\000S\000i\000n\000t\000a\000s\000s\000i}{chapter.3}% 91
\BOOKMARK [1][-]{section.3.3}{\376\377\000E\000s\000e\000m\000p\000i\000o}{chapter.3}% 92
\BOOKMARK [1][-]{section.3.4}{\376\377\000I\000s\000t\000r\000u\000z\000i\000o\000n\000e\000\040\000A\000S}{chapter.3}% 93
\BOOKMARK [2][-]{subsection.3.4.1}{\376\377\000A\000\040\000c\000o\000s\000a\000\040\000s\000e\000r\000v\000e\000?}{section.3.4}% 94
\BOOKMARK [2][-]{subsection.3.4.2}{\376\377\000S\000i\000n\000t\000a\000s\000s\000i}{section.3.4}% 95
\BOOKMARK [2][-]{subsection.3.4.3}{\376\377\000E\000s\000e\000m\000p\000i\000o}{section.3.4}% 96
\BOOKMARK [1][-]{section.3.5}{\376\377\000C\000l\000a\000u\000s\000o\000l\000a\000\040\000F\000R\000O\000M}{chapter.3}% 97
\BOOKMARK [2][-]{subsection.3.5.1}{\376\377\000S\000i\000n\000t\000a\000s\000s\000i}{section.3.5}% 98
\BOOKMARK [2][-]{subsection.3.5.2}{\376\377\000N\000o\000t\000a\000z\000i\000o\000n\000e\000\040\000p\000u\000n\000t\000o}{section.3.5}% 99
\BOOKMARK [2][-]{subsection.3.5.3}{\376\377\000E\000s\000e\000m\000p\000i\000o}{section.3.5}% 100
\BOOKMARK [1][-]{section.3.6}{\376\377\000C\000l\000a\000u\000s\000o\000l\000a\000\040\000W\000H\000E\000R\000E}{chapter.3}% 101
\BOOKMARK [2][-]{subsection.3.6.1}{\376\377\000A\000\040\000c\000o\000s\000a\000\040\000s\000e\000r\000v\000e\000?}{section.3.6}% 102
\BOOKMARK [2][-]{subsection.3.6.2}{\376\377\000O\000p\000e\000r\000a\000t\000o\000r\000i\000\040\000d\000i\000\040\000c\000o\000n\000f\000r\000o\000n\000t\000o}{section.3.6}% 103
\BOOKMARK [2][-]{subsection.3.6.3}{\376\377\000O\000p\000e\000r\000a\000t\000o\000r\000e\000\040\000L\000I\000K\000E}{section.3.6}% 104
\BOOKMARK [2][-]{subsection.3.6.4}{\376\377\000O\000p\000e\000r\000a\000t\000o\000r\000e\000\040\000B\000E\000T\000W\000E\000E\000N}{section.3.6}% 105
\BOOKMARK [2][-]{subsection.3.6.5}{\376\377\000O\000p\000e\000r\000a\000t\000o\000r\000e\000\040\000I\000N}{section.3.6}% 106
\BOOKMARK [2][-]{subsection.3.6.6}{\376\377\000P\000r\000e\000d\000i\000c\000a\000t\000i\000\040\000s\000e\000m\000p\000l\000i\000c\000i}{section.3.6}% 107
\BOOKMARK [2][-]{subsection.3.6.7}{\376\377\000P\000r\000e\000c\000e\000d\000e\000n\000z\000a\000\040\000d\000i\000\040\000v\000a\000l\000u\000t\000a\000z\000i\000o\000n\000e\000\040\000t\000r\000a\000\040\000o\000p\000e\000r\000a\000t\000o\000r\000i\000\040\000b\000o\000o\000l\000e\000a\000n\000i}{section.3.6}% 108
\BOOKMARK [2][-]{subsection.3.6.8}{\376\377\000S\000i\000n\000t\000a\000s\000s\000i}{section.3.6}% 109
\BOOKMARK [2][-]{subsection.3.6.9}{\376\377\000E\000s\000e\000m\000p\000i\000o\000\040\000g\000e\000n\000e\000r\000i\000c\000o}{section.3.6}% 110
\BOOKMARK [2][-]{subsection.3.6.10}{\376\377\000E\000s\000e\000m\000p\000i\000o\000\040\000c\000o\000n\000\040\000L\000I\000K\000E}{section.3.6}% 111
\BOOKMARK [2][-]{subsection.3.6.11}{\376\377\000E\000s\000e\000m\000p\000i\000o\000\040\000c\000o\000n\000\040\000B\000E\000T\000W\000E\000E\000N}{section.3.6}% 112
\BOOKMARK [2][-]{subsection.3.6.12}{\376\377\000E\000s\000e\000m\000p\000i\000o\000\040\000c\000o\000n\000\040\000I\000N}{section.3.6}% 113
\BOOKMARK [1][-]{section.3.7}{\376\377\000C\000l\000a\000u\000s\000o\000l\000a\000\040\000D\000I\000S\000T\000I\000N\000C\000T}{chapter.3}% 114
\BOOKMARK [2][-]{subsection.3.7.1}{\376\377\000A\000\040\000c\000o\000s\000a\000\040\000s\000e\000r\000v\000e\000?}{section.3.7}% 115
\BOOKMARK [2][-]{subsection.3.7.2}{\376\377\000S\000i\000n\000t\000a\000s\000s\000i}{section.3.7}% 116
\BOOKMARK [2][-]{subsection.3.7.3}{\376\377\000E\000s\000e\000m\000p\000i\000o}{section.3.7}% 117
\BOOKMARK [1][-]{section.3.8}{\376\377\000E\000s\000p\000r\000e\000s\000s\000i\000o\000n\000i}{chapter.3}% 118
\BOOKMARK [2][-]{subsection.3.8.1}{\376\377\000A\000\040\000c\000o\000s\000a\000\040\000s\000e\000r\000v\000o\000n\000o\000?}{section.3.8}% 119
\BOOKMARK [2][-]{subsection.3.8.2}{\376\377\000F\000u\000n\000z\000i\000o\000n\000i\000\040\000p\000r\000e\000d\000e\000f\000i\000n\000i\000t\000e}{section.3.8}% 120
\BOOKMARK [2][-]{subsection.3.8.3}{\376\377\000F\000u\000n\000z\000i\000o\000n\000i\000\040\000p\000e\000r\000\040\000s\000t\000r\000i\000n\000g\000h\000e}{section.3.8}% 121
\BOOKMARK [2][-]{subsection.3.8.4}{\376\377\000E\000s\000e\000m\000p\000i\000o\000\040\000d\000i\000\040\000u\000t\000i\000l\000i\000z\000z\000o\000\040\000d\000i\000\040\000f\000u\000n\000z\000i\000o\000n\000i\000\040\000a\000r\000i\000t\000m\000e\000t\000i\000c\000h\000e}{section.3.8}% 122
\BOOKMARK [2][-]{subsection.3.8.5}{\376\377\000E\000s\000e\000m\000p\000i\000o\000\040\000d\000i\000\040\000u\000t\000i\000l\000i\000z\000z\000o\000\040\000d\000i\000\040\000f\000u\000n\000z\000i\000o\000n\000i\000\040\000p\000e\000r\000\040\000s\000t\000r\000i\000n\000g\000h\000e}{section.3.8}% 123
\BOOKMARK [0][-]{chapter.4}{\376\377\000O\000p\000e\000r\000a\000t\000o\000r\000e\000\040\000J\000O\000I\000N}{}% 124
\BOOKMARK [1][-]{section.4.1}{\376\377\000A\000\040\000c\000o\000s\000a\000\040\000s\000e\000r\000v\000e\000?}{chapter.4}% 125
\BOOKMARK [2][-]{subsection.4.1.1}{\376\377\000C\000o\000s\000a\000\040\000\350\000\040\000u\000n\000\040\000p\000r\000e\000d\000i\000c\000a\000t\000o\000\040\000j\000o\000i\000n\000?}{section.4.1}% 126
\BOOKMARK [1][-]{section.4.2}{\376\377\000S\000i\000n\000t\000a\000s\000s\000i\000\040\000J\000O\000I\000N\000\040\000L\000e\000g\000a\000c\000y}{chapter.4}% 127
\BOOKMARK [2][-]{subsection.4.2.1}{\376\377\000E\000s\000e\000m\000p\000i\000o}{section.4.2}% 128
\BOOKMARK [1][-]{section.4.3}{\376\377\000S\000i\000n\000t\000a\000s\000s\000i\000\040\000J\000O\000I\000N\000\040\000S\000Q\000L\000-\0002}{chapter.4}% 129
\BOOKMARK [2][-]{subsection.4.3.1}{\376\377\000E\000s\000e\000m\000p\000i\000o}{section.4.3}% 130
\BOOKMARK [1][-]{section.4.4}{\376\377\000O\000U\000T\000E\000R\000\040\000J\000O\000I\000N}{chapter.4}% 131
\BOOKMARK [2][-]{subsection.4.4.1}{\376\377\000C\000o\000s\000a\000\040\000f\000a\000?}{section.4.4}% 132
\BOOKMARK [2][-]{subsection.4.4.2}{\376\377\000L\000E\000F\000T\000\040\000O\000U\000T\000E\000R\000\040\000J\000O\000I\000N\000\040\000\050\000o\000\040\000L\000E\000F\000T\000\040\000J\000O\000I\000N\000\051}{section.4.4}% 133
\BOOKMARK [2][-]{subsection.4.4.3}{\376\377\000R\000I\000G\000H\000T\000\040\000J\000O\000I\000N}{section.4.4}% 134
\BOOKMARK [1][-]{section.4.5}{\376\377\000S\000e\000l\000f\000\040\000J\000o\000i\000n}{chapter.4}% 135
\BOOKMARK [2][-]{subsection.4.5.1}{\376\377\000C\000o\000s\000a\000\040\000\350\000?}{section.4.5}% 136
\BOOKMARK [2][-]{subsection.4.5.2}{\376\377\000A\000\040\000c\000o\000s\000a\000\040\000s\000e\000r\000v\000e\000?}{section.4.5}% 137
\BOOKMARK [2][-]{subsection.4.5.3}{\376\377\000S\000i\000n\000t\000a\000s\000s\000i}{section.4.5}% 138
\BOOKMARK [2][-]{subsection.4.5.4}{\376\377\000E\000s\000e\000m\000p\000i\000o}{section.4.5}% 139
\BOOKMARK [1][-]{section.4.6}{\376\377\000J\000o\000i\000n\000\040\000E\000s\000p\000l\000i\000c\000i\000t\000o}{chapter.4}% 140
\BOOKMARK [2][-]{subsection.4.6.1}{\376\377\000C\000o\000s\000a\000\040\000\350\000?}{section.4.6}% 141
\BOOKMARK [2][-]{subsection.4.6.2}{\376\377\000A\000\040\000c\000o\000s\000a\000\040\000s\000e\000r\000v\000e\000?}{section.4.6}% 142
\BOOKMARK [2][-]{subsection.4.6.3}{\376\377\000S\000i\000n\000t\000a\000s\000s\000i}{section.4.6}% 143
\BOOKMARK [2][-]{subsection.4.6.4}{\376\377\000E\000s\000e\000m\000p\000i\000o}{section.4.6}% 144
\BOOKMARK [0][-]{chapter.5}{\376\377\000O\000r\000d\000i\000n\000a\000m\000e\000n\000t\000o\000\040\000d\000e\000i\000\040\000r\000i\000s\000u\000l\000a\000t\000i}{}% 145
\BOOKMARK [1][-]{section.5.1}{\376\377\000O\000R\000D\000E\000R\000\040\000B\000Y}{chapter.5}% 146
\BOOKMARK [2][-]{subsection.5.1.1}{\376\377\000C\000o\000s\000a\000\040\000\350\000?}{section.5.1}% 147
\BOOKMARK [2][-]{subsection.5.1.2}{\376\377\000S\000i\000n\000t\000a\000s\000s\000i}{section.5.1}% 148
\BOOKMARK [2][-]{subsection.5.1.3}{\376\377\000E\000s\000e\000m\000p\000i\000o}{section.5.1}% 149
\BOOKMARK [1][-]{section.5.2}{\376\377\000O\000p\000e\000r\000a\000t\000o\000r\000i\000\040\000d\000i\000\040\000a\000g\000g\000r\000e\000g\000a\000z\000i\000o\000n\000e}{chapter.5}% 150
\BOOKMARK [2][-]{subsection.5.2.1}{\376\377\000Q\000u\000a\000l\000i\000\040\000s\000o\000n\000o\000?}{section.5.2}% 151
\BOOKMARK [2][-]{subsection.5.2.2}{\376\377\000C\000o\000m\000e\000\040\000v\000e\000n\000g\000o\000n\000o\000\040\000a\000p\000p\000l\000i\000c\000a\000t\000i\000?}{section.5.2}% 152
\BOOKMARK [1][-]{section.5.3}{\376\377\000C\000O\000U\000N\000T}{chapter.5}% 153
\BOOKMARK [2][-]{subsection.5.3.1}{\376\377\000C\000o\000s\000a\000\040\000f\000a\000?}{section.5.3}% 154
\BOOKMARK [2][-]{subsection.5.3.2}{\376\377\000S\000i\000n\000t\000a\000s\000s\000i}{section.5.3}% 155
\BOOKMARK [2][-]{subsection.5.3.3}{\376\377\000E\000s\000e\000m\000p\000i\000o}{section.5.3}% 156
\BOOKMARK [1][-]{section.5.4}{\376\377\000S\000U\000M}{chapter.5}% 157
\BOOKMARK [2][-]{subsection.5.4.1}{\376\377\000C\000o\000s\000a\000\040\000f\000a\000?}{section.5.4}% 158
\BOOKMARK [2][-]{subsection.5.4.2}{\376\377\000S\000i\000n\000t\000a\000s\000s\000i}{section.5.4}% 159
\BOOKMARK [2][-]{subsection.5.4.3}{\376\377\000E\000s\000e\000m\000p\000i\000o}{section.5.4}% 160
\BOOKMARK [1][-]{section.5.5}{\376\377\000M\000I\000N\000/\000M\000A\000X}{chapter.5}% 161
\BOOKMARK [2][-]{subsection.5.5.1}{\376\377\000C\000o\000s\000a\000\040\000f\000a\000?}{section.5.5}% 162
\BOOKMARK [2][-]{subsection.5.5.2}{\376\377\000S\000i\000n\000t\000a\000s\000s\000i}{section.5.5}% 163
\BOOKMARK [2][-]{subsection.5.5.3}{\376\377\000E\000s\000e\000m\000p\000i\000o}{section.5.5}% 164
\BOOKMARK [1][-]{section.5.6}{\376\377\000A\000V\000G}{chapter.5}% 165
\BOOKMARK [2][-]{subsection.5.6.1}{\376\377\000C\000o\000s\000a\000\040\000f\000a\000?}{section.5.6}% 166
\BOOKMARK [2][-]{subsection.5.6.2}{\376\377\000S\000i\000n\000t\000a\000s\000s\000i}{section.5.6}% 167
\BOOKMARK [2][-]{subsection.5.6.3}{\376\377\000E\000s\000e\000m\000p\000i\000o}{section.5.6}% 168
\BOOKMARK [1][-]{section.5.7}{\376\377\000T\000a\000r\000g\000e\000t\000\040\000L\000i\000s\000t}{chapter.5}% 169
\BOOKMARK [1][-]{section.5.8}{\376\377\000O\000p\000e\000r\000a\000t\000o\000r\000e\000\040\000d\000i\000\040\000a\000g\000g\000r\000e\000g\000a\000m\000e\000n\000t\000o\000\040\000G\000R\000O\000U\000P\000\040\000B\000Y}{chapter.5}% 170
\BOOKMARK [2][-]{subsection.5.8.1}{\376\377\000C\000o\000s\000a\000\040\000\350\000?}{section.5.8}% 171
\BOOKMARK [2][-]{subsection.5.8.2}{\376\377\000S\000i\000n\000t\000a\000s\000s\000i}{section.5.8}% 172
\BOOKMARK [2][-]{subsection.5.8.3}{\376\377\000E\000s\000e\000m\000p\000i\000o}{section.5.8}% 173
\BOOKMARK [1][-]{section.5.9}{\376\377\000C\000o\000n\000d\000i\000z\000i\000o\000n\000i\000\040\000W\000H\000E\000R\000E\000\040\000e\000\040\000H\000A\000V\000I\000N\000G}{chapter.5}% 174
\BOOKMARK [2][-]{subsection.5.9.1}{\376\377\000S\000i\000n\000t\000a\000s\000s\000i\000\040\000W\000H\000E\000R\000E}{section.5.9}% 175
\BOOKMARK [2][-]{subsection.5.9.2}{\376\377\000E\000s\000e\000m\000p\000i\000o\000\040\000d\000i\000\040\000u\000s\000o\000\040\000d\000i\000\040\000W\000H\000E\000R\000E}{section.5.9}% 176
\BOOKMARK [2][-]{subsection.5.9.3}{\376\377\000S\000i\000n\000t\000a\000s\000s\000i\000\040\000H\000A\000V\000I\000N\000G}{section.5.9}% 177
\BOOKMARK [2][-]{subsection.5.9.4}{\376\377\000E\000s\000e\000m\000p\000i\000o\000\040\000d\000i\000\040\000u\000s\000o\000\040\000d\000i\000\040\000H\000A\000V\000I\000N\000G}{section.5.9}% 178
\BOOKMARK [0][-]{chapter.6}{\376\377\000I\000n\000t\000e\000r\000r\000o\000g\000a\000z\000i\000o\000n\000i\000\040\000d\000i\000\040\000t\000i\000p\000i\000\040\000i\000n\000s\000i\000e\000m\000i\000s\000t\000i\000c\000o}{}% 179
\BOOKMARK [1][-]{section.6.1}{\376\377\000O\000p\000e\000r\000a\000t\000o\000r\000i\000\040\000i\000n\000s\000i\000e\000m\000i\000s\000t\000i\000c\000i}{chapter.6}% 180
\BOOKMARK [2][-]{subsection.6.1.1}{\376\377\000S\000i\000n\000t\000a\000s\000s\000i}{section.6.1}% 181
\BOOKMARK [1][-]{section.6.2}{\376\377\000U\000N\000I\000O\000N}{chapter.6}% 182
\BOOKMARK [2][-]{subsection.6.2.1}{\376\377\000C\000o\000s\000a\000\040\000f\000a\000?}{section.6.2}% 183
\BOOKMARK [2][-]{subsection.6.2.2}{\376\377\000S\000i\000n\000t\000a\000s\000s\000i}{section.6.2}% 184
\BOOKMARK [2][-]{subsection.6.2.3}{\376\377\000E\000s\000e\000m\000p\000i\000o}{section.6.2}% 185
\BOOKMARK [1][-]{section.6.3}{\376\377\000I\000N\000T\000E\000R\000S\000E\000C\000T}{chapter.6}% 186
\BOOKMARK [2][-]{subsection.6.3.1}{\376\377\000C\000o\000s\000a\000\040\000f\000a\000?}{section.6.3}% 187
\BOOKMARK [2][-]{subsection.6.3.2}{\376\377\000S\000i\000n\000t\000a\000s\000s\000i}{section.6.3}% 188
\BOOKMARK [2][-]{subsection.6.3.3}{\376\377\000E\000s\000e\000m\000p\000i\000o}{section.6.3}% 189
\BOOKMARK [1][-]{section.6.4}{\376\377\000E\000X\000C\000E\000P\000T}{chapter.6}% 190
\BOOKMARK [2][-]{subsection.6.4.1}{\376\377\000C\000o\000s\000a\000\040\000f\000a\000?}{section.6.4}% 191
\BOOKMARK [2][-]{subsection.6.4.2}{\376\377\000S\000i\000n\000t\000a\000s\000s\000i}{section.6.4}% 192
\BOOKMARK [2][-]{subsection.6.4.3}{\376\377\000E\000s\000e\000m\000p\000i\000o}{section.6.4}% 193
\BOOKMARK [0][-]{chapter.7}{\376\377\000I\000n\000t\000e\000r\000r\000o\000g\000a\000z\000i\000o\000n\000i\000\040\000N\000i\000d\000i\000f\000i\000c\000a\000t\000e}{}% 194
\BOOKMARK [1][-]{section.7.1}{\376\377\000C\000o\000s\000a\000\040\000s\000o\000n\000o\000?}{chapter.7}% 195
\BOOKMARK [1][-]{section.7.2}{\376\377\000C\000o\000m\000e\000\040\000f\000u\000n\000z\000i\000o\000n\000a\000n\000o\000?}{chapter.7}% 196
\BOOKMARK [1][-]{section.7.3}{\376\377\000S\000i\000n\000t\000a\000s\000s\000i\000\040\000S\000u\000b\000q\000u\000e\000r\000y}{chapter.7}% 197
\BOOKMARK [1][-]{section.7.4}{\376\377\000P\000r\000e\000d\000i\000c\000a\000t\000i\000\040\000A\000N\000Y\000\040\000e\000\040\000A\000L\000L}{chapter.7}% 198
\BOOKMARK [2][-]{subsection.7.4.1}{\376\377\000S\000i\000n\000t\000a\000s\000s\000i}{section.7.4}% 199
\BOOKMARK [2][-]{subsection.7.4.2}{\376\377\000E\000s\000e\000m\000p\000i\000o}{section.7.4}% 200
\BOOKMARK [1][-]{section.7.5}{\376\377\000Q\000u\000a\000n\000t\000i\000f\000i\000c\000a\000t\000o\000r\000i\000\040\000e\000s\000i\000s\000t\000e\000n\000z\000i\000a\000l\000i}{chapter.7}% 201
\BOOKMARK [2][-]{subsection.7.5.1}{\376\377\000E\000X\000I\000S\000T\000S}{section.7.5}% 202
\BOOKMARK [2][-]{subsection.7.5.2}{\376\377\000N\000O\000T\000\040\000E\000X\000I\000S\000T\000S}{section.7.5}% 203
\BOOKMARK [0][-]{chapter.8}{\376\377\000V\000i\000s\000t\000e}{}% 204
\BOOKMARK [1][-]{section.8.1}{\376\377\000C\000o\000s\000a\000\040\000s\000o\000n\000o\000?}{chapter.8}% 205
\BOOKMARK [1][-]{section.8.2}{\376\377\000P\000r\000o\000p\000r\000i\000e\000t\000\340\000\040\000f\000o\000n\000d\000a\000m\000e\000n\000t\000a\000l\000i}{chapter.8}% 206
\BOOKMARK [1][-]{section.8.3}{\376\377\000A\000\040\000c\000o\000s\000a\000\040\000s\000e\000r\000v\000o\000n\000o\000?}{chapter.8}% 207
\BOOKMARK [1][-]{section.8.4}{\376\377\000S\000i\000n\000t\000a\000s\000s\000i}{chapter.8}% 208
\BOOKMARK [1][-]{section.8.5}{\376\377\000E\000s\000e\000m\000p\000i\000o\000\040\000c\000r\000e\000a\000z\000i\000o\000n\000e\000\040\000v\000i\000s\000t\000a}{chapter.8}% 209
