\BOOKMARK [0][-]{chapter.1}{\376\377\000I\000n\000t\000e\000g\000r\000a\000l\000i\000\040\000d\000i\000\040\000l\000i\000n\000e\000a\000\040\000d\000i\000\040\0001\000\252\000\040\000s\000p\000e\000c\000i\000e}{}% 1
\BOOKMARK [1][-]{section.1.1}{\376\377\000L\000u\000n\000g\000h\000e\000z\000z\000a\000\040\000d\000i\000\040\000u\000n\000\040\000a\000r\000c\000o\000\040\000d\000i\000\040\000c\000u\000r\000v\000a}{chapter.1}% 2
\BOOKMARK [2][-]{subsection.1.1.1}{\376\377\000C\000o\000m\000e\000\040\000l\000a\000\040\000r\000a\000p\000p\000r\000e\000s\000e\000n\000t\000o\000?}{section.1.1}% 3
\BOOKMARK [2][-]{subsection.1.1.2}{\376\377\000E\000s\000e\000m\000p\000i\000o\000\040\000d\000i\000\040\000c\000a\000l\000c\000o\000l\000o}{section.1.1}% 4
\BOOKMARK [1][-]{section.1.2}{\376\377\000I\000n\000t\000e\000g\000r\000a\000l\000i\000\040\000d\000i\000\040\000l\000i\000n\000e\000a\000\040\000d\000i\000\040\0001\000\252\000\040\000s\000p\000e\000c\000i\000e}{chapter.1}% 5
\BOOKMARK [2][-]{subsection.1.2.1}{\376\377\000D\000e\000f\000i\000n\000i\000z\000i\000o\000n\000e}{section.1.2}% 6
\BOOKMARK [2][-]{subsection.1.2.2}{\376\377\000C\000o\000m\000e\000\040\000c\000a\000l\000c\000o\000l\000a\000r\000l\000i\000?}{section.1.2}% 7
\BOOKMARK [2][-]{subsection.1.2.3}{\376\377\000I\000n\000t\000e\000r\000p\000r\000e\000t\000a\000z\000i\000o\000n\000e\000\040\000G\000e\000o\000m\000e\000t\000r\000i\000c\000a}{section.1.2}% 8
\BOOKMARK [0][-]{chapter.2}{\376\377\000C\000a\000m\000p\000i\000\040\000v\000e\000t\000t\000o\000r\000i\000a\000l\000i}{}% 9
\BOOKMARK [1][-]{section.2.1}{\376\377\000D\000e\000f\000i\000n\000i\000z\000i\000o\000n\000e}{chapter.2}% 10
\BOOKMARK [1][-]{section.2.2}{\376\377\000C\000o\000m\000e\000\040\000r\000a\000p\000p\000r\000e\000s\000e\000n\000t\000a\000r\000l\000i\000\040\000g\000r\000a\000f\000i\000c\000a\000m\000e\000n\000t\000e\000\040\000n\000e\000l\000\040\000p\000i\000a\000n\000o\000?}{chapter.2}% 11
\BOOKMARK [0][-]{chapter.3}{\376\377\000I\000n\000t\000e\000g\000r\000a\000l\000i\000\040\000d\000i\000\040\000l\000i\000n\000e\000a\000\040\000d\000i\000\040\0002\000\252\000\040\000s\000p\000e\000c\000i\000e}{}% 12
\BOOKMARK [1][-]{section.3.1}{\376\377\000D\000e\000f\000i\000n\000i\000z\000i\000o\000n\000e}{chapter.3}% 13
\BOOKMARK [1][-]{section.3.2}{\376\377\000F\000o\000r\000m\000e\000\040\000d\000i\000f\000f\000e\000r\000e\000n\000z\000i\000a\000l\000i\000\040\000e\000\040\000o\000r\000i\000e\000n\000t\000a\000z\000i\000o\000n\000e}{chapter.3}% 14
\BOOKMARK [1][-]{section.3.3}{\376\377\000C\000o\000m\000e\000\040\000c\000a\000l\000c\000o\000l\000a\000r\000l\000i}{chapter.3}% 15
\BOOKMARK [1][-]{section.3.4}{\376\377\000D\000e\000f\000i\000n\000i\000z\000i\000o\000n\000e\000\040\000d\000i\000\040\000G\000r\000a\000d\000i\000e\000n\000t\000e}{chapter.3}% 16
\BOOKMARK [0][-]{chapter.4}{\376\377\000C\000a\000m\000p\000i\000\040\000V\000e\000t\000t\000o\000r\000i\000a\000l\000i\000\040\000C\000o\000n\000s\000e\000r\000v\000a\000t\000i\000v\000i}{}% 17
\BOOKMARK [1][-]{section.4.1}{\376\377\000D\000e\000f\000i\000n\000i\000z\000i\000o\000n\000e\000\040\000C\000a\000m\000p\000o\000\040\000V\000e\000t\000t\000o\000r\000i\000a\000l\000e\000\040\000C\000o\000n\000s\000e\000r\000v\000a\000t\000i\000v\000o}{chapter.4}% 18
\BOOKMARK [1][-]{section.4.2}{\376\377\000T\000e\000o\000r\000e\000m\000a\000\040\000d\000e\000l\000l\000'\000i\000n\000d\000i\000p\000e\000n\000d\000e\000n\000z\000a\000\040\000d\000a\000l\000\040\000c\000a\000m\000m\000i\000n\000o}{chapter.4}% 19
\BOOKMARK [2][-]{subsection.4.2.1}{\376\377\000I\000p\000o\000t\000e\000s\000i\000\040\000s\000u\000l\000\040\000d\000o\000m\000i\000n\000i\000o\000\040\000e\000\040\000s\000u\000l\000\040\000c\000a\000m\000p\000o}{section.4.2}% 20
\BOOKMARK [2][-]{subsection.4.2.2}{\376\377\000A\000p\000p\000l\000i\000c\000a\000z\000i\000o\000n\000e\000\040\000p\000r\000a\000t\000i\000c\000a}{section.4.2}% 21
\BOOKMARK [2][-]{subsection.4.2.3}{\376\377\000D\000i\000m\000o\000s\000t\000r\000a\000z\000i\000o\000n\000e}{section.4.2}% 22
\BOOKMARK [1][-]{section.4.3}{\376\377\000C\000i\000c\000r\000u\000i\000t\000a\000z\000i\000o\000n\000e\000\040\000d\000i\000\040\000u\000n\000\040\000c\000a\000m\000p\000o\000\040\000v\000e\000t\000t\000o\000r\000i\000a\000l\000e\000\040\000c\000o\000n\000s\000e\000r\000v\000a\000t\000i\000v\000o}{chapter.4}% 23
\BOOKMARK [2][-]{subsection.4.3.1}{\376\377\000D\000e\000f\000i\000n\000i\000z\000i\000o\000n\000e}{section.4.3}% 24
\BOOKMARK [2][-]{subsection.4.3.2}{\376\377\000C\000o\000m\000e\000\040\000u\000s\000a\000r\000l\000o}{section.4.3}% 25
\BOOKMARK [2][-]{subsection.4.3.3}{\376\377\000E\000s\000e\000m\000p\000i\000o\000\040\000d\000i\000\040\000c\000a\000l\000c\000o\000l\000o}{section.4.3}% 26
\BOOKMARK [1][-]{section.4.4}{\376\377\000C\000o\000n\000d\000i\000z\000i\000o\000n\000i\000\040\000d\000i\000\040\000i\000r\000r\000o\000t\000a\000z\000i\000o\000n\000a\000l\000i\000t\000\340\000\040\000d\000i\000\040\000u\000n\000\040\000c\000a\000m\000p\000o\000\040\000v\000e\000t\000t\000o\000r\000i\000a\000l\000e}{chapter.4}% 27
\BOOKMARK [2][-]{subsection.4.4.1}{\376\377\000D\000e\000f\000i\000n\000i\000z\000i\000o\000n\000e}{section.4.4}% 28
\BOOKMARK [1][-]{section.4.5}{\376\377\000c\000h\000i\000u\000s\000u\000r\000a\000\040\000a\000d\000\040\000e\000s\000a\000t\000t\000e\000z\000z\000a\000\040\000i\000n\000\040\0001\000-\000f\000o\000r\000m\000a}{chapter.4}% 29
\BOOKMARK [2][-]{subsection.4.5.1}{\376\377\000D\000e\000f\000i\000n\000i\000z\000i\000o\000n\000e}{section.4.5}% 30
\BOOKMARK [2][-]{subsection.4.5.2}{\376\377\000F\000o\000r\000m\000a\000\040\000C\000h\000i\000u\000s\000a}{section.4.5}% 31
\BOOKMARK [2][-]{subsection.4.5.3}{\376\377\000F\000o\000r\000m\000a\000\040\000e\000s\000a\000t\000t\000a}{section.4.5}% 32
\BOOKMARK [1][-]{section.4.6}{\376\377\000R\000e\000g\000i\000o\000n\000i\000\040\000\050\000o\000\040\000d\000o\000m\000i\000n\000i\000\051\000\040\000s\000e\000m\000p\000l\000i\000c\000e\000m\000e\000n\000t\000e\000\040\000c\000o\000n\000n\000e\000s\000s\000e}{chapter.4}% 33
\BOOKMARK [2][-]{subsection.4.6.1}{\376\377\000D\000e\000f\000i\000n\000i\000z\000i\000o\000n\000e}{section.4.6}% 34
\BOOKMARK [1][-]{section.4.7}{\376\377\000L\000e\000m\000m\000a\000\040\000d\000i\000\040\000p\000o\000i\000n\000c\000a\000r\000\351}{chapter.4}% 35
\BOOKMARK [2][-]{subsection.4.7.1}{\376\377\000E\000n\000u\000n\000c\000i\000a\000t\000o}{section.4.7}% 36
\BOOKMARK [1][-]{section.4.8}{\376\377\000F\000o\000r\000m\000u\000l\000a\000\040\000d\000i\000\040\000g\000r\000e\000e\000n}{chapter.4}% 37
\BOOKMARK [2][-]{subsection.4.8.1}{\376\377\000D\000e\000f\000i\000n\000i\000z\000i\000o\000n\000e}{section.4.8}% 38
\BOOKMARK [2][-]{subsection.4.8.2}{\376\377\000I\000p\000o\000t\000e\000s\000i\000\040\000e\000\040\000C\000o\000n\000d\000i\000z\000i\000o\000n\000i\000\040\000d\000i\000\040\000V\000a\000l\000i\000d\000i\000t\000\340}{section.4.8}% 39
\BOOKMARK [2][-]{subsection.4.8.3}{\376\377\000D\000i\000m\000o\000s\000t\000r\000a\000z\000i\000o\000n\000e}{section.4.8}% 40
\BOOKMARK [2][-]{subsection.4.8.4}{\376\377\000E\000s\000e\000m\000p\000i\000o\000\040\000d\000i\000\040\000c\000a\000l\000c\000o\000l\000o}{section.4.8}% 41
