\BOOKMARK [0][-]{chapter.4}{\376\377\000S\000t\000r\000u\000t\000t\000u\000r\000a\000\040\000d\000e\000l\000\040\000W\000e\000b}{}% 1
\BOOKMARK [1][-]{section.4.1}{\376\377\000I\000p\000e\000r\000t\000e\000s\000t\000i}{chapter.4}% 2
\BOOKMARK [1][-]{section.4.2}{\376\377\000P\000a\000g\000i\000n\000e\000\040\000W\000e\000b\000\040\000e\000\040\000f\000i\000l\000e\000\040\000H\000T\000M\000L}{chapter.4}% 3
\BOOKMARK [1][-]{section.4.3}{\376\377\000M\000e\000c\000c\000a\000n\000i\000s\000m\000i\000\040\000d\000i\000\040\000I\000d\000e\000n\000t\000i\000f\000i\000c\000a\000z\000i\000o\000n\000e\000\040\000U\000n\000i\000v\000o\000c\000a}{chapter.4}% 4
\BOOKMARK [2][-]{subsection.4.3.1}{\376\377\000U\000R\000L\000\040\000-\000\040\000U\000n\000i\000f\000o\000r\000m\000\040\000R\000e\000s\000o\000u\000r\000c\000e\000\040\000L\000o\000c\000a\000t\000o\000r}{section.4.3}% 5
\BOOKMARK [2][-]{subsection.4.3.2}{\376\377\000U\000R\000N\000\040\000-\000\040\000U\000n\000i\000f\000o\000r\000m\000\040\000R\000e\000s\000o\000u\000r\000c\000e\000\040\000N\000a\000m\000e}{section.4.3}% 6
\BOOKMARK [1][-]{section.4.4}{\376\377\000I\000\040\000l\000i\000n\000g\000u\000a\000g\000g\000i\000\040\000d\000e\000l\000\040\000W\000e\000b}{chapter.4}% 7
\BOOKMARK [2][-]{subsection.4.4.1}{\376\377\000S\000t\000r\000u\000t\000t\000u\000r\000a\000,\000\040\000S\000t\000i\000l\000e\000\040\000e\000\040\000D\000a\000t\000i}{section.4.4}% 8
\BOOKMARK [2][-]{subsection.4.4.2}{\376\377\000D\000a\000t\000i\000\040\000M\000u\000l\000t\000i\000m\000e\000d\000i\000a\000l\000i\000\040\000e\000\040\000N\000o\000n\000\040\000T\000e\000s\000t\000u\000a\000l\000i}{section.4.4}% 9
\BOOKMARK [2][-]{subsection.4.4.3}{\376\377\000L\000i\000n\000g\000u\000a\000g\000g\000i\000\040\000d\000i\000\040\000s\000c\000r\000i\000p\000t\000i\000n\000g}{section.4.4}% 10
\BOOKMARK [0][-]{chapter.5}{\376\377\000P\000r\000o\000t\000o\000c\000o\000l\000l\000o\000\040\000H\000T\000T\000P\000\040\000-\000\040\000H\000y\000p\000e\000r\000T\000e\000x\000t\000\040\000T\000r\000a\000n\000s\000f\000e\000r\000\040\000P\000r\000o\000t\000o\000c\000o\000l}{}% 11
\BOOKMARK [1][-]{section.5.1}{\376\377\000M\000o\000d\000e\000l\000l\000o\000\040\000C\000l\000i\000e\000n\000t\000-\000S\000e\000r\000v\000e\000r}{chapter.5}% 12
\BOOKMARK [2][-]{subsection.5.1.1}{\376\377\000C\000l\000i\000e\000n\000t}{section.5.1}% 13
\BOOKMARK [2][-]{subsection.5.1.2}{\376\377\000S\000e\000r\000v\000e\000r}{section.5.1}% 14
\BOOKMARK [1][-]{section.5.2}{\376\377\000F\000a\000s\000e\000\040\000d\000i\000\040\000C\000o\000n\000n\000e\000s\000s\000i\000o\000n\000e}{chapter.5}% 15
\BOOKMARK [1][-]{section.5.3}{\376\377\000N\000a\000t\000u\000r\000a\000\040\000"\000S\000t\000a\000t\000e\000l\000e\000s\000s\000"}{chapter.5}% 16
\BOOKMARK [2][-]{subsection.5.3.1}{\376\377\000V\000a\000n\000t\000a\000g\000g\000i}{section.5.3}% 17
\BOOKMARK [2][-]{subsection.5.3.2}{\376\377\000S\000v\000a\000n\000t\000a\000g\000g\000i}{section.5.3}% 18
\BOOKMARK [1][-]{section.5.4}{\376\377\000G\000e\000s\000t\000i\000o\000n\000e\000\040\000d\000e\000l\000l\000e\000\040\000C\000o\000n\000n\000e\000s\000s\000i\000o\000n\000i}{chapter.5}% 19
\BOOKMARK [2][-]{subsection.5.4.1}{\376\377\000H\000T\000T\000P\000\040\000n\000o\000n\000\040\000p\000e\000r\000s\000i\000s\000t\000e\000n\000t\000e}{section.5.4}% 20
\BOOKMARK [2][-]{subsection.5.4.2}{\376\377\000H\000T\000T\000P\000\040\000p\000e\000r\000s\000i\000s\000t\000e\000n\000t\000e}{section.5.4}% 21
\BOOKMARK [1][-]{section.5.5}{\376\377\000S\000t\000r\000u\000t\000t\000u\000r\000a\000\040\000e\000\040\000F\000o\000r\000m\000a\000t\000o\000\040\000d\000e\000i\000\040\000M\000e\000s\000s\000a\000g\000g\000i}{chapter.5}% 22
\BOOKMARK [2][-]{subsection.5.5.1}{\376\377\000F\000o\000r\000m\000a\000t\000o\000\040\000d\000e\000l\000l\000e\000\040\000R\000i\000c\000h\000i\000e\000s\000t\000e}{section.5.5}% 23
\BOOKMARK [2][-]{subsection.5.5.2}{\376\377\000F\000o\000r\000m\000a\000t\000o\000\040\000d\000e\000l\000l\000e\000\040\000R\000i\000s\000p\000o\000s\000t\000e}{section.5.5}% 24
\BOOKMARK [1][-]{section.5.6}{\376\377\000M\000e\000t\000o\000d\000i\000\040\000H\000T\000T\000P}{chapter.5}% 25
\BOOKMARK [2][-]{subsection.5.6.1}{\376\377\000L\000e\000\040\000p\000r\000o\000p\000r\000i\000e\000t\000\340\000\040\000d\000e\000i\000\040\000m\000e\000t\000o\000d\000i}{section.5.6}% 26
\BOOKMARK [2][-]{subsection.5.6.2}{\376\377\000M\000e\000t\000o\000d\000o\000\040\000G\000E\000T}{section.5.6}% 27
\BOOKMARK [2][-]{subsection.5.6.3}{\376\377\000M\000e\000t\000o\000d\000o\000\040\000H\000E\000A\000D}{section.5.6}% 28
\BOOKMARK [2][-]{subsection.5.6.4}{\376\377\000M\000e\000t\000o\000d\000o\000\040\000O\000P\000T\000I\000O\000N\000S}{section.5.6}% 29
\BOOKMARK [2][-]{subsection.5.6.5}{\376\377\000M\000e\000t\000o\000d\000o\000\040\000T\000R\000A\000C\000E}{section.5.6}% 30
\BOOKMARK [2][-]{subsection.5.6.6}{\376\377\000M\000e\000t\000o\000d\000o\000\040\000P\000O\000S\000T}{section.5.6}% 31
\BOOKMARK [2][-]{subsection.5.6.7}{\376\377\000M\000e\000t\000o\000d\000o\000\040\000P\000U\000T}{section.5.6}% 32
\BOOKMARK [2][-]{subsection.5.6.8}{\376\377\000M\000e\000t\000o\000d\000o\000\040\000D\000E\000L\000E\000T\000E}{section.5.6}% 33
\BOOKMARK [1][-]{section.5.7}{\376\377\000C\000o\000d\000i\000c\000i\000\040\000d\000i\000\040\000s\000t\000a\000t\000o}{chapter.5}% 34
\BOOKMARK [2][-]{subsection.5.7.1}{\376\377\000L\000e\000\040\0005\000\040\000c\000l\000a\000s\000s\000i\000\040\000d\000e\000i\000\040\000c\000o\000d\000i\000c\000i\000\040\000d\000i\000\040\000s\000t\000a\000t\000o}{section.5.7}% 35
\BOOKMARK [1][-]{section.5.8}{\376\377\000I\000\040\000C\000o\000o\000k\000i\000e\000\040\000e\000\040\000i\000l\000\040\000m\000a\000n\000t\000e\000n\000i\000m\000e\000n\000t\000o\000\040\000d\000e\000l\000l\000o\000\040\000s\000t\000a\000t\000o}{chapter.5}% 36
\BOOKMARK [2][-]{subsection.5.8.1}{\376\377\000L\000'\000a\000r\000c\000h\000i\000t\000e\000t\000t\000u\000r\000a\000\040\000d\000e\000i\000\040\000C\000o\000o\000k\000i\000e}{section.5.8}% 37
\BOOKMARK [1][-]{section.5.9}{\376\377\000W\000e\000b\000\040\000C\000a\000c\000h\000i\000n\000g}{chapter.5}% 38
\BOOKMARK [2][-]{subsection.5.9.1}{\376\377\000I\000l\000\040\000r\000u\000o\000l\000o\000\040\000d\000e\000l\000\040\000S\000e\000r\000v\000e\000r\000\040\000P\000r\000o\000x\000y}{section.5.9}% 39
\BOOKMARK [1][-]{section.5.10}{\376\377\000G\000E\000T\000\040\000c\000o\000n\000d\000i\000z\000i\000o\000n\000a\000l\000e}{chapter.5}% 40
\BOOKMARK [2][-]{subsection.5.10.1}{\376\377\000L\000'\000i\000n\000t\000e\000s\000t\000a\000z\000i\000o\000n\000e\000\040\000"\000i\000f\000-\000m\000o\000d\000i\000f\000i\000e\000d\000-\000s\000i\000n\000c\000e\000"}{section.5.10}% 41
\BOOKMARK [1][-]{section.5.11}{\376\377\000M\000e\000s\000s\000a\000g\000e\000\040\000v\000s\000\040\000S\000t\000r\000e\000a\000m\000i\000n\000g\000\040\000c\000o\000m\000m\000u\000n\000i\000c\000a\000t\000i\000o\000n}{chapter.5}% 42
\BOOKMARK [2][-]{subsection.5.11.1}{\376\377\000L\000i\000v\000e\000l\000l\000o\000\040\000d\000i\000\040\000A\000p\000p\000l\000i\000c\000a\000z\000i\000o\000n\000e\000\040\000\050\000C\000o\000m\000u\000n\000i\000c\000a\000z\000i\000o\000n\000e\000\040\000a\000\040\000M\000e\000s\000s\000a\000g\000g\000i\000\051}{section.5.11}% 43
\BOOKMARK [2][-]{subsection.5.11.2}{\376\377\000L\000i\000v\000e\000l\000l\000o\000\040\000d\000i\000\040\000T\000r\000a\000s\000p\000o\000r\000t\000o\000\040\000\050\000C\000o\000m\000u\000n\000i\000c\000a\000z\000i\000o\000n\000e\000\040\000a\000\040\000S\000t\000r\000e\000a\000m\000\040\000e\000\040\000S\000e\000g\000m\000e\000n\000t\000i\000\051}{section.5.11}% 44
\BOOKMARK [1][-]{section.5.12}{\376\377\000T\000i\000p\000i\000\040\000d\000i\000\040\000c\000o\000m\000u\000n\000i\000c\000a\000z\000i\000o\000n\000e\000\040\000M\000e\000s\000s\000a\000g\000e\000-\000o\000r\000i\000e\000n\000t\000e\000d\000\040\000c\000o\000m\000m\000u\000n\000i\000c\000a\000t\000i\000o\000n}{chapter.5}% 45
\BOOKMARK [2][-]{subsection.5.12.1}{\376\377\000C\000o\000m\000u\000n\000i\000c\000a\000z\000i\000o\000n\000e\000\040\000P\000e\000r\000s\000i\000s\000t\000e\000n\000t\000e\000\040\000A\000s\000i\000n\000c\000r\000o\000n\000a}{section.5.12}% 46
\BOOKMARK [2][-]{subsection.5.12.2}{\376\377\000C\000o\000m\000u\000n\000i\000c\000a\000z\000i\000o\000n\000e\000\040\000p\000e\000r\000s\000i\000s\000t\000e\000n\000t\000e\000\040\000s\000i\000n\000c\000r\000o\000n\000a}{section.5.12}% 47
\BOOKMARK [2][-]{subsection.5.12.3}{\376\377\000C\000o\000m\000u\000n\000i\000c\000a\000z\000i\000o\000n\000e\000\040\000t\000r\000a\000n\000s\000i\000e\000n\000t\000e\000\040\000s\000i\000n\000c\000r\000o\000n\000a\000\040\000b\000a\000s\000a\000t\000a\000\040\000s\000u\000l\000l\000a\000\040\000c\000o\000n\000s\000e\000g\000n\000a\000\040\000\050\000D\000e\000l\000i\000v\000e\000r\000y\000\040\000b\000a\000s\000e\000d\000\051}{section.5.12}% 48
\BOOKMARK [2][-]{subsection.5.12.4}{\376\377\000C\000o\000m\000u\000n\000i\000c\000a\000z\000i\000o\000n\000e\000\040\000t\000r\000a\000n\000s\000i\000e\000n\000t\000e\000\040\000s\000i\000n\000c\000r\000o\000n\000a\000\040\000b\000a\000s\000a\000t\000a\000\040\000s\000u\000l\000l\000a\000\040\000r\000i\000s\000p\000o\000s\000t\000a\000\040\000\050\000R\000e\000s\000p\000o\000n\000s\000e\000\040\000b\000a\000s\000e\000d\000\051}{section.5.12}% 49
\BOOKMARK [1][-]{section.5.13}{\376\377\000M\000o\000d\000e\000l\000l\000o\000\040\000a\000\040\000C\000o\000d\000e\000\040\000d\000i\000\040\000M\000e\000s\000s\000a\000g\000g\000i\000\040\000\050\000M\000e\000s\000s\000a\000g\000e\000\040\000Q\000u\000e\000u\000i\000n\000g\000\051}{chapter.5}% 50
\BOOKMARK [2][-]{subsection.5.13.1}{\376\377\000O\000p\000e\000r\000a\000z\000i\000o\000n\000i\000\040\000p\000e\000r\000\040\000i\000n\000t\000e\000r\000a\000g\000i\000r\000e\000\040\000c\000o\000n\000\040\000l\000a\000\040\000c\000o\000d\000a}{section.5.13}% 51
\BOOKMARK [1][-]{section.5.14}{\376\377\000M\000e\000s\000s\000a\000g\000e\000\040\000B\000r\000o\000k\000e\000r\000\040\000e\000\040\000P\000a\000t\000t\000e\000r\000n\000\040\000P\000u\000b\000l\000i\000s\000h\000/\000S\000u\000b\000s\000c\000r\000i\000b\000e}{chapter.5}% 52
\BOOKMARK [2][-]{subsection.5.14.1}{\376\377\000F\000u\000n\000z\000i\000o\000n\000a\000l\000i\000t\000\340\000\040\000s\000p\000e\000c\000i\000a\000l\000i\000\040\000p\000e\000r\000\040\000i\000\040\000s\000i\000s\000t\000e\000m\000i\000\040\000c\000r\000i\000t\000i\000c\000i\000\040\000\050\000e\000s\000.\000\040\000p\000r\000o\000t\000o\000c\000o\000l\000l\000o\000\040\000M\000Q\000T\000T\000\051}{section.5.14}% 53
\BOOKMARK [0][-]{chapter.6}{\376\377\000F\000o\000r\000m\000a\000t\000i\000\040\000d\000i\000\040\000s\000c\000a\000m\000b\000i\000o}{}% 54
\BOOKMARK [1][-]{section.6.1}{\376\377\000P\000e\000r\000c\000h\000\350\000\040\000u\000s\000a\000r\000l\000i\000?}{chapter.6}% 55
\BOOKMARK [1][-]{section.6.2}{\376\377\000C\000o\000m\000e\000\040\000u\000s\000a\000r\000l\000i\000?}{chapter.6}% 56
\BOOKMARK [2][-]{subsection.6.2.1}{\376\377\000M\000a\000r\000s\000h\000a\000l\000i\000n\000g\000\040\000\050\000o\000\040\000S\000e\000r\000i\000a\000l\000i\000z\000z\000a\000z\000i\000o\000n\000e\000\051}{section.6.2}% 57
\BOOKMARK [2][-]{subsection.6.2.2}{\376\377\000U\000n\000m\000a\000r\000s\000h\000a\000l\000i\000n\000g\000\040\000\050\000o\000\040\000D\000e\000s\000e\000r\000i\000a\000l\000i\000z\000z\000a\000z\000i\000o\000n\000e\000\051}{section.6.2}% 58
\BOOKMARK [0][-]{chapter.7}{\376\377\000L\000i\000n\000g\000u\000a\000g\000g\000i\000\040\000d\000i\000\040\000M\000a\000r\000k\000u\000p}{}% 59
\BOOKMARK [1][-]{section.7.1}{\376\377\000D\000e\000f\000i\000n\000i\000z\000i\000o\000n\000e}{chapter.7}% 60
\BOOKMARK [1][-]{section.7.2}{\376\377\000T\000i\000p\000i\000\040\000d\000i\000\040\000m\000a\000r\000c\000a\000t\000u\000r\000a}{chapter.7}% 61
\BOOKMARK [0][-]{chapter.8}{\376\377\000H\000T\000M\000L\000\040\000-\000\040\000H\000y\000p\000e\000r\000T\000e\000x\000t\000\040\000M\000a\000r\000k\000u\000p\000\040\000L\000a\000n\000g\000u\000a\000g\000e}{}% 62
\BOOKMARK [1][-]{section.8.1}{\376\377\000D\000e\000f\000i\000n\000i\000z\000i\000o\000n\000e}{chapter.8}% 63
\BOOKMARK [1][-]{section.8.2}{\376\377\000C\000o\000s\000a\000\040\000f\000a\000?}{chapter.8}% 64
\BOOKMARK [1][-]{section.8.3}{\376\377\000U\000s\000o\000\040\000d\000e\000i\000\040\000T\000a\000g\000\040\000e\000\040\000l\000a\000\040\000s\000e\000m\000a\000n\000t\000i\000c\000a}{chapter.8}% 65
\BOOKMARK [1][-]{section.8.4}{\376\377\000I\000n\000t\000e\000r\000a\000z\000i\000o\000n\000e\000\040\000c\000o\000n\000\040\000l\000'\000u\000t\000e\000n\000t\000e\000:\000\040\000F\000o\000r\000u\000m}{chapter.8}% 66
\BOOKMARK [1][-]{section.8.5}{\376\377\000D\000O\000M\000\040\000-\000\040\000D\000o\000c\000u\000m\000e\000n\000t\000\040\000O\000b\000j\000e\000c\000t\000\040\000M\000o\000d\000e\000l}{chapter.8}% 67
\BOOKMARK [2][-]{subsection.8.5.1}{\376\377\000S\000t\000r\000u\000t\000t\000u\000r\000a\000\040\000a\000d\000\040\000A\000l\000b\000e\000r\000o}{section.8.5}% 68
\BOOKMARK [2][-]{subsection.8.5.2}{\376\377\000N\000a\000v\000i\000g\000a\000z\000i\000o\000n\000e\000\040\000d\000e\000i\000\040\000n\000o\000d\000i}{section.8.5}% 69
\BOOKMARK [2][-]{subsection.8.5.3}{\376\377\000I\000d\000e\000n\000t\000i\000f\000i\000c\000a\000z\000i\000o\000n\000e\000\040\000d\000e\000i\000\040\000N\000o\000d\000i}{section.8.5}% 70
\BOOKMARK [2][-]{subsection.8.5.4}{\376\377\000F\000u\000n\000z\000i\000o\000n\000i\000\040\000d\000i\000\040\000r\000i\000c\000e\000r\000c\000a\000\040\000p\000e\000r\000\040\000i\000\040\000n\000o\000d\000i}{section.8.5}% 71
\BOOKMARK [2][-]{subsection.8.5.5}{\376\377\000E\000v\000e\000n\000t\000i\000\040\000e\000\040\000L\000i\000s\000t\000e\000n\000e\000r}{section.8.5}% 72
\BOOKMARK [0][-]{chapter.9}{\376\377\000C\000S\000S\000\040\000-\000\040\000C\000a\000s\000c\000a\000d\000e\000\040\000S\000t\000y\000l\000e\000\040\000S\000h\000e\000e\000t}{}% 73
\BOOKMARK [1][-]{section.9.1}{\376\377\000D\000e\000f\000i\000n\000i\000z\000i\000o\000n\000e}{chapter.9}% 74
\BOOKMARK [1][-]{section.9.2}{\376\377\000M\000o\000d\000a\000l\000i\000t\000\340\000\040\000d\000i\000\040\000i\000n\000c\000l\000u\000s\000i\000o\000n\000e}{chapter.9}% 75
\BOOKMARK [1][-]{section.9.3}{\376\377\000S\000t\000r\000u\000t\000t\000u\000r\000a\000\040\000B\000a\000s\000e}{chapter.9}% 76
\BOOKMARK [2][-]{subsection.9.3.1}{\376\377\000S\000e\000l\000e\000t\000t\000o\000r\000i}{section.9.3}% 77
\BOOKMARK [2][-]{subsection.9.3.2}{\376\377\000C\000o\000m\000b\000i\000n\000a\000t\000o\000r\000i}{section.9.3}% 78
\BOOKMARK [2][-]{subsection.9.3.3}{\376\377\000P\000s\000e\000u\000d\000o\000-\000c\000l\000a\000s\000s\000i}{section.9.3}% 79
\BOOKMARK [1][-]{section.9.4}{\376\377\000A\000l\000g\000o\000r\000i\000t\000m\000o\000\040\000"\000a\000\040\000C\000a\000s\000c\000a\000t\000a\000"}{chapter.9}% 80
\BOOKMARK [1][-]{section.9.5}{\376\377\000M\000e\000d\000i\000a\000\040\000Q\000u\000e\000r\000y}{chapter.9}% 81
\BOOKMARK [0][-]{chapter.10}{\376\377\000X\000M\000L\000\040\000-\000\040\000e\000X\000t\000e\000n\000s\000i\000b\000l\000e\000\040\000M\000a\000r\000k\000u\000p\000\040\000L\000a\000n\000g\000u\000a\000g\000e}{}% 82
